Archive member included to satisfy reference by file (symbol)

s:/app/mounriver/mounriver_studio/toolchain/risc-v embedded gcc/bin/../lib/gcc/riscv-none-embed/8.2.0/rv32imafc/ilp32f\libgcc.a(extendsfdf2.o)
                              ./QueFOC_dev/comm.o (__extendsfdf2)
s:/app/mounriver/mounriver_studio/toolchain/risc-v embedded gcc/bin/../lib/gcc/riscv-none-embed/8.2.0/rv32imafc/ilp32f\libgcc.a(save-restore.o)
                              ./User/main.o (__riscv_save_10)
s:/app/mounriver/mounriver_studio/toolchain/risc-v embedded gcc/bin/../lib/gcc/riscv-none-embed/8.2.0/rv32imafc/ilp32f\libgcc.a(_clzsi2.o)
                              s:/app/mounriver/mounriver_studio/toolchain/risc-v embedded gcc/bin/../lib/gcc/riscv-none-embed/8.2.0/rv32imafc/ilp32f\libgcc.a(extendsfdf2.o) (__clzsi2)
s:/app/mounriver/mounriver_studio/toolchain/risc-v embedded gcc/bin/../lib/gcc/riscv-none-embed/8.2.0/rv32imafc/ilp32f\libgcc.a(_clz.o)
                              s:/app/mounriver/mounriver_studio/toolchain/risc-v embedded gcc/bin/../lib/gcc/riscv-none-embed/8.2.0/rv32imafc/ilp32f\libgcc.a(_clzsi2.o) (__clz_tab)
s:/app/mounriver/mounriver_studio/toolchain/risc-v embedded gcc/bin/../lib/gcc/riscv-none-embed/8.2.0/../../../../riscv-none-embed/lib/rv32imafc/ilp32f\libg_nano.a(lib_a-memcpy.o)
                              ./Peripheral/src/ch32v30x_usbotg_device.o (memcpy)
s:/app/mounriver/mounriver_studio/toolchain/risc-v embedded gcc/bin/../lib/gcc/riscv-none-embed/8.2.0/../../../../riscv-none-embed/lib/rv32imafc/ilp32f\libg_nano.a(lib_a-memset.o)
                              ./QueFOC_dev/adc_sensor.o (memset)
s:/app/mounriver/mounriver_studio/toolchain/risc-v embedded gcc/bin/../lib/gcc/riscv-none-embed/8.2.0/../../../../riscv-none-embed/lib/rv32imafc/ilp32f\libg_nano.a(lib_a-nano-vfprintf_float.o)
                              (_printf_float)
s:/app/mounriver/mounriver_studio/toolchain/risc-v embedded gcc/bin/../lib/gcc/riscv-none-embed/8.2.0/../../../../riscv-none-embed/lib/rv32imafc/ilp32f\libg_nano.a(lib_a-nano-vfprintf_i.o)
                              s:/app/mounriver/mounriver_studio/toolchain/risc-v embedded gcc/bin/../lib/gcc/riscv-none-embed/8.2.0/../../../../riscv-none-embed/lib/rv32imafc/ilp32f\libg_nano.a(lib_a-nano-vfprintf_float.o) (_printf_common)
s:/app/mounriver/mounriver_studio/toolchain/risc-v embedded gcc/bin/../lib/gcc/riscv-none-embed/8.2.0/../../../../riscv-none-embed/lib/rv32imafc/ilp32f\libg_nano.a(lib_a-strlen.o)
                              s:/app/mounriver/mounriver_studio/toolchain/risc-v embedded gcc/bin/../lib/gcc/riscv-none-embed/8.2.0/../../../../riscv-none-embed/lib/rv32imafc/ilp32f\libg_nano.a(lib_a-nano-vfprintf_float.o) (strlen)
s:/app/mounriver/mounriver_studio/toolchain/risc-v embedded gcc/bin/../lib/gcc/riscv-none-embed/8.2.0/../../../../riscv-none-embed/lib/rv32imafc/ilp32f\libg_nano.a(lib_a-strtod.o)
                              ./QueFOC_dev/comm.o (strtof)
s:/app/mounriver/mounriver_studio/toolchain/risc-v embedded gcc/bin/../lib/gcc/riscv-none-embed/8.2.0/../../../../riscv-none-embed/lib/rv32imafc/ilp32f\libg_nano.a(lib_a-strtol.o)
                              ./QueFOC_dev/comm.o (strtol)
s:/app/mounriver/mounriver_studio/toolchain/risc-v embedded gcc/bin/../lib/gcc/riscv-none-embed/8.2.0/../../../../riscv-none-embed/lib/rv32imafc/ilp32f\libg_nano.a(lib_a-vsnprintf.o)
                              ./QueFOC_dev/comm.o (vsnprintf)
s:/app/mounriver/mounriver_studio/toolchain/risc-v embedded gcc/bin/../lib/gcc/riscv-none-embed/8.2.0/../../../../riscv-none-embed/lib/rv32imafc/ilp32f\libg_nano.a(lib_a-dtoa.o)
                              s:/app/mounriver/mounriver_studio/toolchain/risc-v embedded gcc/bin/../lib/gcc/riscv-none-embed/8.2.0/../../../../riscv-none-embed/lib/rv32imafc/ilp32f\libg_nano.a(lib_a-nano-vfprintf_float.o) (_dtoa_r)
s:/app/mounriver/mounriver_studio/toolchain/risc-v embedded gcc/bin/../lib/gcc/riscv-none-embed/8.2.0/../../../../riscv-none-embed/lib/rv32imafc/ilp32f\libg_nano.a(lib_a-gdtoa-gethex.o)
                              s:/app/mounriver/mounriver_studio/toolchain/risc-v embedded gcc/bin/../lib/gcc/riscv-none-embed/8.2.0/../../../../riscv-none-embed/lib/rv32imafc/ilp32f\libg_nano.a(lib_a-strtod.o) (__gethex)
s:/app/mounriver/mounriver_studio/toolchain/risc-v embedded gcc/bin/../lib/gcc/riscv-none-embed/8.2.0/../../../../riscv-none-embed/lib/rv32imafc/ilp32f\libg_nano.a(lib_a-gdtoa-hexnan.o)
                              s:/app/mounriver/mounriver_studio/toolchain/risc-v embedded gcc/bin/../lib/gcc/riscv-none-embed/8.2.0/../../../../riscv-none-embed/lib/rv32imafc/ilp32f\libg_nano.a(lib_a-strtod.o) (__match)
s:/app/mounriver/mounriver_studio/toolchain/risc-v embedded gcc/bin/../lib/gcc/riscv-none-embed/8.2.0/../../../../riscv-none-embed/lib/rv32imafc/ilp32f\libg_nano.a(lib_a-impure.o)
[...]
Memory Configuration

Name             Origin             Length             Attributes
FLASH            0x0000000000000000 0x0000000000048000 xr
RAM              0x0000000020000000 0x0000000000008000 xrw
*default*        0x0000000000000000 0xffffffffffffffff

Linker script and memory map

LOAD ./User/ch32v30x_it.o
LOAD ./User/main.o
LOAD ./User/system_ch32v30x.o
LOAD ./Startup/startup_ch32v30x_D8.o
LOAD ./QueFOC_dev/adc_sensor.o
LOAD ./QueFOC_dev/comm.o
LOAD ./QueFOC_dev/encoder.o
LOAD ./QueFOC_dev/fast_math.o
LOAD ./QueFOC_dev/filter.o
LOAD ./QueFOC_dev/foc.o
LOAD ./QueFOC_dev/motor.o
LOAD ./QueFOC_dev/pid.o
LOAD ./QueFOC_dev/pwm.o
LOAD ./Peripheral/src/ch32v30x_adc.o
LOAD ./Peripheral/src/ch32v30x_bkp.o
LOAD ./Peripheral/src/ch32v30x_can.o
LOAD ./Peripheral/src/ch32v30x_crc.o
LOAD ./Peripheral/src/ch32v30x_dac.o
LOAD ./Peripheral/src/ch32v30x_dbgmcu.o
LOAD ./Peripheral/src/ch32v30x_dma.o
LOAD ./Peripheral/src/ch32v30x_dvp.o
LOAD ./Peripheral/src/ch32v30x_eth.o
LOAD ./Peripheral/src/ch32v30x_exti.o
LOAD ./Peripheral/src/ch32v30x_flash.o
LOAD ./Peripheral/src/ch32v30x_fsmc.o
LOAD ./Peripheral/src/ch32v30x_gpio.o
LOAD ./Peripheral/src/ch32v30x_i2c.o
LOAD ./Peripheral/src/ch32v30x_iwdg.o
LOAD ./Peripheral/src/ch32v30x_misc.o
LOAD ./Peripheral/src/ch32v30x_opa.o
LOAD ./Peripheral/src/ch32v30x_pwr.o
LOAD ./Peripheral/src/ch32v30x_rcc.o
LOAD ./Peripheral/src/ch32v30x_rng.o
LOAD ./Peripheral/src/ch32v30x_rtc.o
LOAD ./Peripheral/src/ch32v30x_sdio.o
LOAD ./Peripheral/src/ch32v30x_spi.o
LOAD ./Peripheral/src/ch32v30x_tim.o
LOAD ./Peripheral/src/ch32v30x_usart.o
LOAD ./Peripheral/src/ch32v30x_usbotg_device.o
LOAD ./Peripheral/src/ch32v30x_wwdg.o
LOAD ./Hardware/adc.o
LOAD ./Hardware/delay.o
LOAD ./Hardware/dma.o
LOAD ./Hardware/gpio.o
LOAD ./Hardware/it.o
LOAD ./Hardware/nvic.o
LOAD ./Hardware/spi.o
LOAD ./Hardware/timer.o
LOAD ./Hardware/usart.o
LOAD ./Hardware/usb.o
LOAD ./Core/core_riscv.o
LOAD s:/app/mounriver/mounriver_studio/toolchain/risc-v embedded gcc/bin/../lib/gcc/riscv-none-embed/8.2.0/../../../../riscv-none-embed/lib/rv32imafc/ilp32f\libm.a
LOAD s:/app/mounriver/mounriver_studio/toolchain/risc-v embedded gcc/bin/../lib/gcc/riscv-none-embed/8.2.0/rv32imafc/ilp32f\libgcc.a
LOAD s:/app/mounriver/mounriver_studio/toolchain/risc-v embedded gcc/bin/../lib/gcc/riscv-none-embed/8.2.0/../../../../riscv-none-embed/lib/rv32imafc/ilp32f\libg_nano.a
LOAD s:/app/mounriver/mounriver_studio/toolchain/risc-v embedded gcc/bin/../lib/gcc/riscv-none-embed/8.2.0/../../../../riscv-none-embed/lib/rv32imafc/ilp32f\libc_nano.a
LOAD s:/app/mounriver/mounriver_studio/toolchain/risc-v embedded gcc/bin/../lib/gcc/riscv-none-embed/8.2.0/rv32imafc/ilp32f\libgcc.a
START GROUP
LOAD s:/app/mounriver/mounriver_studio/toolchain/risc-v embedded gcc/bin/../lib/gcc/riscv-none-embed/8.2.0/rv32imafc/ilp32f\libgcc.a
LOAD s:/app/mounriver/mounriver_studio/toolchain/risc-v embedded gcc/bin/../lib/gcc/riscv-none-embed/8.2.0/../../../../riscv-none-embed/lib/rv32imafc/ilp32f\libc_nano.a
LOAD s:/app/mounriver/mounriver_studio/toolchain/risc-v embedded gcc/bin/../lib/gcc/riscv-none-embed/8.2.0/../../../../riscv-none-embed/lib/rv32imafc/ilp32f\libnosys.a
END GROUP
START GROUP
LOAD s:/app/mounriver/mounriver_studio/toolchain/risc-v embedded gcc/bin/../lib/gcc/riscv-none-embed/8.2.0/rv32imafc/ilp32f\libgcc.a
LOAD s:/app/mounriver/mounriver_studio/toolchain/risc-v embedded gcc/bin/../lib/gcc/riscv-none-embed/8.2.0/../../../../riscv-none-embed/lib/rv32imafc/ilp32f\libc_nano.a
LOAD s:/app/mounriver/mounriver_studio/toolchain/risc-v embedded gcc/bin/../lib/gcc/riscv-none-embed/8.2.0/../../../../riscv-none-embed/lib/rv32imafc/ilp32f\libnosys.a
END GROUP
                0x0000000000000800                __stack_size = 0x800
                [!provide]                        PROVIDE (_stack_size = __stack_size)

.init           0x0000000000000000       0x38
                0x0000000000000000                _sinit = .
                0x0000000000000000                . = ALIGN (0x4)
 *(SORT_NONE(.init))
 .init          0x0000000000000000       0x38 ./Startup/startup_ch32v30x_D8.o
                0x0000000000000000                _start
                0x0000000000000038                . = ALIGN (0x4)
                0x0000000000000038                _einit = .

.vector         0x0000000000000038      0x1c8
 *(.vector)
 .vector        0x0000000000000038      0x1a0 ./Startup/startup_ch32v30x_D8.o
                0x0000000000000200                . = ALIGN (0x40)
 *fill*         0x00000000000001d8       0x28 

.text           0x0000000000000200     0xc378
                0x0000000000000200                . = ALIGN (0x4)
 *(.text)
 .text          0x0000000000000200       0x60 s:/app/mounriver/mounriver_studio/toolchain/risc-v embedded gcc/bin/../lib/gcc/riscv-none-embed/8.2.0/rv32imafc/ilp32f\libgcc.a(save-restore.o)
                0x0000000000000200                __riscv_save_12
                0x0000000000000208                __riscv_save_9
                0x0000000000000208                __riscv_save_11
                0x0000000000000208                __riscv_save_10
                0x0000000000000208                __riscv_save_8
                0x0000000000000216                __riscv_save_4
                0x0000000000000216                __riscv_save_6
                0x0000000000000216                __riscv_save_5
                0x0000000000000216                __riscv_save_7
                0x0000000000000230                __riscv_save_3
                0x0000000000000230                __riscv_save_2
                0x0000000000000230                __riscv_save_1
                0x0000000000000230                __riscv_save_0
                0x000000000000023c                __riscv_restore_12
                0x0000000000000240                __riscv_restore_11
                0x0000000000000240                __riscv_restore_9
                0x0000000000000240                __riscv_restore_10
                0x0000000000000240                __riscv_restore_8
                0x000000000000024a                __riscv_restore_5
                0x000000000000024a                __riscv_restore_7
                0x000000000000024a                __riscv_restore_6
                0x000000000000024a                __riscv_restore_4
                0x0000000000000254                __riscv_restore_3
                0x0000000000000254                __riscv_restore_0
                0x0000000000000254                __riscv_restore_2
                0x0000000000000254                __riscv_restore_1
 .text          0x0000000000000260       0xa8 s:/app/mounriver/mounriver_studio/toolchain/risc-v embedded gcc/bin/../lib/gcc/riscv-none-embed/8.2.0/../../../../riscv-none-embed/lib/rv32imafc/ilp32f\libg_nano.a(lib_a-memset.o)
                0x0000000000000260                memset
 *(.text.*)
 .text.NMI_Handler
                0x0000000000000308        0x4 ./User/ch32v30x_it.o
                0x0000000000000308                NMI_Handler
 .text.HardFault_Handler
                0x000000000000030c        0x2 ./User/ch32v30x_it.o
                0x000000000000030c                HardFault_Handler
 .text.hardware_basic_boot
                0x000000000000030e       0x12 ./User/main.o
                0x000000000000030e                hardware_basic_boot
 .text.hardware_encoder_boot
                0x0000000000000320        0xe ./User/main.o
                0x0000000000000320                hardware_encoder_boot
 .text.startup.main
                0x000000000000032e      0x218 ./User/main.o
                0x000000000000032e                main
 .text.SystemInit
                0x0000000000000546       0xfc ./User/system_ch32v30x.o
                0x0000000000000546                SystemInit
 .text.vector_handler
                0x0000000000000642       0xaa ./Startup/startup_ch32v30x_D8.o
                0x0000000000000646                Ecall_M_Mode_Handler
                0x0000000000000648                Ecall_U_Mode_Handler
                0x000000000000064a                Break_Point_Handler
                0x000000000000064c                SysTick_Handler
                0x000000000000064e                SW_Handler
                0x0000000000000650                WWDG_IRQHandler
                0x0000000000000652                PVD_IRQHandler
                0x0000000000000654                TAMPER_IRQHandler
                0x0000000000000656                RTC_IRQHandler
                0x0000000000000658                FLASH_IRQHandler
                0x000000000000065a                RCC_IRQHandler
                0x000000000000065c                EXTI0_IRQHandler
                0x000000000000065e                EXTI1_IRQHandler
                0x0000000000000660                EXTI2_IRQHandler
                0x0000000000000662                EXTI3_IRQHandler
                0x0000000000000664                EXTI4_IRQHandler
                0x0000000000000668                DMA1_Channel2_IRQHandler
                0x000000000000066a                DMA1_Channel3_IRQHandler
                0x000000000000066c                DMA1_Channel4_IRQHandler
                0x000000000000066e                DMA1_Channel5_IRQHandler
                0x0000000000000670                DMA1_Channel6_IRQHandler
                0x0000000000000672                DMA1_Channel7_IRQHandler
                0x0000000000000676                USB_HP_CAN1_TX_IRQHandler
                0x0000000000000678                USB_LP_CAN1_RX0_IRQHandler
                0x000000000000067a                CAN1_RX1_IRQHandler
                0x000000000000067c                CAN1_SCE_IRQHandler
                0x000000000000067e                EXTI9_5_IRQHandler
                0x0000000000000680                TIM1_BRK_IRQHandler
                0x0000000000000682                TIM1_UP_IRQHandler
                0x0000000000000684                TIM1_TRG_COM_IRQHandler
                0x0000000000000686                TIM1_CC_IRQHandler
                0x0000000000000688                TIM2_IRQHandler
                0x000000000000068a                TIM3_IRQHandler
                0x000000000000068c                TIM4_IRQHandler
                0x000000000000068e                I2C1_EV_IRQHandler
                0x0000000000000690                I2C1_ER_IRQHandler
                0x0000000000000692                I2C2_EV_IRQHandler
                0x0000000000000694                I2C2_ER_IRQHandler
                0x0000000000000696                SPI1_IRQHandler
                0x0000000000000698                SPI2_IRQHandler
                0x000000000000069a                USART1_IRQHandler
                0x000000000000069c                USART2_IRQHandler
                0x00000000000006a0                EXTI15_10_IRQHandler
                0x00000000000006a2                RTCAlarm_IRQHandler
                0x00000000000006a4                TIM8_BRK_IRQHandler
                0x00000000000006a6                TIM8_UP_IRQHandler
                0x00000000000006a8                TIM8_TRG_COM_IRQHandler
                0x00000000000006aa                TIM8_CC_IRQHandler
                0x00000000000006ac                RNG_IRQHandler
                0x00000000000006ae                FSMC_IRQHandler
                0x00000000000006b0                SDIO_IRQHandler
                0x00000000000006b2                TIM5_IRQHandler
                0x00000000000006b4                SPI3_IRQHandler
                0x00000000000006b6                UART4_IRQHandler
                0x00000000000006b8                UART5_IRQHandler
                0x00000000000006ba                TIM6_IRQHandler
                0x00000000000006bc                TIM7_IRQHandler
                0x00000000000006be                DMA2_Channel1_IRQHandler
                0x00000000000006c0                DMA2_Channel2_IRQHandler
                0x00000000000006c2                DMA2_Channel3_IRQHandler
                0x00000000000006c4                DMA2_Channel4_IRQHandler
                0x00000000000006c6                DMA2_Channel5_IRQHandler
                0x00000000000006ca                UART6_IRQHandler
                0x00000000000006cc                UART7_IRQHandler
                0x00000000000006ce                UART8_IRQHandler
                0x00000000000006d0                TIM9_BRK_IRQHandler
                0x00000000000006d2                TIM9_UP_IRQHandler
                0x00000000000006d4                TIM9_TRG_COM_IRQHandler
                0x00000000000006d6                TIM9_CC_IRQHandler
                0x00000000000006d8                TIM10_BRK_IRQHandler
                0x00000000000006da                TIM10_UP_IRQHandler
                0x00000000000006dc                TIM10_TRG_COM_IRQHandler
                0x00000000000006de                TIM10_CC_IRQHandler
                0x00000000000006e0                DMA2_Channel6_IRQHandler
                0x00000000000006e2                DMA2_Channel7_IRQHandler
                0x00000000000006e4                DMA2_Channel8_IRQHandler
                0x00000000000006e6                DMA2_Channel9_IRQHandler
                0x00000000000006e8                DMA2_Channel10_IRQHandler
                0x00000000000006ea                DMA2_Channel11_IRQHandler
 .text.handle_reset
                0x00000000000006ec       0x8a ./Startup/startup_ch32v30x_D8.o
                0x00000000000006ec                handle_reset
 .text.adc_sensor_init
                0x0000000000000776       0xa0 ./QueFOC_dev/adc_sensor.o
                0x0000000000000776                adc_sensor_init
 .text.adc_boot
                0x0000000000000816       0x44 ./QueFOC_dev/adc_sensor.o
                0x0000000000000816                adc_boot
 .text.adc_update
                0x000000000000085a       0x6e ./QueFOC_dev/adc_sensor.o
                0x000000000000085a                adc_update
 .text.cmder_init
                0x00000000000008c8       0x2c ./QueFOC_dev/comm.o
                0x00000000000008c8                cmder_init
 .text.cmder_boot
                0x00000000000008f4        0xc ./QueFOC_dev/comm.o
                0x00000000000008f4                cmder_boot
 .text.cmder_add_motor
                0x0000000000000900       0x14 ./QueFOC_dev/comm.o
                0x0000000000000900                cmder_add_motor
 .text.cmder_report_prt
                0x0000000000000914       0x3c ./QueFOC_dev/comm.o
                0x0000000000000914                cmder_report_prt
 .text.cmder_cmd_error
                0x0000000000000950       0x3c ./QueFOC_dev/comm.o
 .text.cmder_cmd_get_param_f
                0x000000000000098c       0x44 ./QueFOC_dev/comm.o
 .text.interrupt_receive_one_char
                0x00000000000009d0      0x478 ./QueFOC_dev/comm.o
                0x00000000000009d0                interrupt_receive_one_char
 .text.cmder_report_error
                0x0000000000000e48       0x18 ./QueFOC_dev/comm.o
                0x0000000000000e48                cmder_report_error
 .text.monitor_init
                0x0000000000000e60       0x1e ./QueFOC_dev/comm.o
                0x0000000000000e60                monitor_init
 .text.monitor_boot
                0x0000000000000e7e        0xe ./QueFOC_dev/comm.o
                0x0000000000000e7e                monitor_boot
 .text.monitor_prt
                0x0000000000000e8c       0x32 ./QueFOC_dev/comm.o
                0x0000000000000e8c                monitor_prt
 .text.encoder_init
                0x0000000000000ebe       0x10 ./QueFOC_dev/encoder.o
                0x0000000000000ebe                encoder_init
 .text.encoder_boot
                0x0000000000000ece        0xc ./QueFOC_dev/encoder.o
                0x0000000000000ece                encoder_boot
 .text.fmodf_real
                0x0000000000000eda       0x20 ./QueFOC_dev/fast_math.o
                0x0000000000000eda                fmodf_real
 .text.fast_sin
                0x0000000000000efa       0xb2 ./QueFOC_dev/fast_math.o
                0x0000000000000efa                fast_sin
 .text.fast_cos
                0x0000000000000fac       0x16 ./QueFOC_dev/fast_math.o
                0x0000000000000fac                fast_cos
 .text.fast_sqrt
                0x0000000000000fc2       0x28 ./QueFOC_dev/fast_math.o
                0x0000000000000fc2                fast_sqrt
 .text.foc_refresh
                0x0000000000000fea       0x1a ./QueFOC_dev/foc.o
                0x0000000000000fea                foc_refresh
 .text.park_transform
                0x0000000000001004       0x4c ./QueFOC_dev/foc.o
                0x0000000000001004                park_transform
 .text.inverse_park
                0x0000000000001050       0x4c ./QueFOC_dev/foc.o
                0x0000000000001050                inverse_park
 .text.foc_modulation_svm
                0x000000000000109c      0x1ac ./QueFOC_dev/foc.o
                0x000000000000109c                foc_modulation_svm
 .text.foc_d_q_mod_control
                0x0000000000001248       0x30 ./QueFOC_dev/foc.o
 .text.foc_d_q_vec_control
                0x0000000000001278       0x76 ./QueFOC_dev/foc.o
                0x0000000000001278                foc_d_q_vec_control
 .text.foc_voltage_control
                0x00000000000012ee       0x72 ./QueFOC_dev/foc.o
                0x00000000000012ee                foc_voltage_control
 .text.foc_current_control
                0x0000000000001360      0x100 ./QueFOC_dev/foc.o
                0x0000000000001360                foc_current_control
 .text.motor_init
                0x0000000000001460       0x96 ./QueFOC_dev/motor.o
                0x0000000000001460                motor_init
 .text.motor_boot
                0x00000000000014f6       0x22 ./QueFOC_dev/motor.o
                0x00000000000014f6                motor_boot
 .text.motor_stop
                0x0000000000001518       0x22 ./QueFOC_dev/motor.o
                0x0000000000001518                motor_stop
 .text.motor_shift_state
                0x000000000000153a        0x4 ./QueFOC_dev/motor.o
                0x000000000000153a                motor_shift_state
 .text.motor_loop_run
                0x000000000000153e       0x84 ./QueFOC_dev/motor.o
                0x000000000000153e                motor_loop_run
 .text.motor_loop_error
                0x00000000000015c2       0x64 ./QueFOC_dev/motor.o
                0x00000000000015c2                motor_loop_error
 .text.motor_update_current_ctrl_param
                0x0000000000001626       0x18 ./QueFOC_dev/motor.o
                0x0000000000001626                motor_update_current_ctrl_param
 .text.motor_loop_calibration
                0x000000000000163e      0x366 ./QueFOC_dev/motor.o
                0x000000000000163e                motor_loop_calibration
 .text.motor_loop_main
                0x00000000000019a4       0x56 ./QueFOC_dev/motor.o
                0x00000000000019a4                motor_loop_main
 .text.interrupt_adc_done
                0x00000000000019fa        0xa ./QueFOC_dev/motor.o
                0x00000000000019fa                interrupt_adc_done
 .text.pwm_init
                0x0000000000001a04       0x18 ./QueFOC_dev/pwm.o
                0x0000000000001a04                pwm_init
 .text.pwm_apply_duty
                0x0000000000001a1c       0x30 ./QueFOC_dev/pwm.o
                0x0000000000001a1c                pwm_apply_duty
 .text.pwm_boot
                0x0000000000001a4c       0x22 ./QueFOC_dev/pwm.o
                0x0000000000001a4c                pwm_boot
 .text.pwm_sync_duty
                0x0000000000001a6e       0x1c ./QueFOC_dev/pwm.o
                0x0000000000001a6e                pwm_sync_duty
 .text.ADC_DeInit
                0x0000000000001a8a       0x46 ./Peripheral/src/ch32v30x_adc.o
                0x0000000000001a8a                ADC_DeInit
 .text.ADC_Init
                0x0000000000001ad0       0x58 ./Peripheral/src/ch32v30x_adc.o
                0x0000000000001ad0                ADC_Init
 .text.ADC_Cmd  0x0000000000001b28       0x10 ./Peripheral/src/ch32v30x_adc.o
                0x0000000000001b28                ADC_Cmd
 .text.ADC_DMACmd
                0x0000000000001b38       0x12 ./Peripheral/src/ch32v30x_adc.o
                0x0000000000001b38                ADC_DMACmd
 .text.ADC_ITConfig
                0x0000000000001b4a       0x16 ./Peripheral/src/ch32v30x_adc.o
                0x0000000000001b4a                ADC_ITConfig
 .text.ADC_ResetCalibration
                0x0000000000001b60        0xa ./Peripheral/src/ch32v30x_adc.o
                0x0000000000001b60                ADC_ResetCalibration
 .text.ADC_GetResetCalibrationStatus
                0x0000000000001b6a        0x8 ./Peripheral/src/ch32v30x_adc.o
                0x0000000000001b6a                ADC_GetResetCalibrationStatus
 .text.ADC_StartCalibration
                0x0000000000001b72        0xa ./Peripheral/src/ch32v30x_adc.o
                0x0000000000001b72                ADC_StartCalibration
 .text.ADC_GetCalibrationStatus
                0x0000000000001b7c        0x8 ./Peripheral/src/ch32v30x_adc.o
                0x0000000000001b7c                ADC_GetCalibrationStatus
 .text.ADC_SoftwareStartConvCmd
                0x0000000000001b84       0x18 ./Peripheral/src/ch32v30x_adc.o
                0x0000000000001b84                ADC_SoftwareStartConvCmd
 .text.ADC_RegularChannelConfig
                0x0000000000001b9c       0xb8 ./Peripheral/src/ch32v30x_adc.o
                0x0000000000001b9c                ADC_RegularChannelConfig
 .text.ADC_ExternalTrigInjectedConvConfig
                0x0000000000001c54        0xe ./Peripheral/src/ch32v30x_adc.o
                0x0000000000001c54                ADC_ExternalTrigInjectedConvConfig
 .text.ADC_ExternalTrigInjectedConvCmd
                0x0000000000001c62       0x14 ./Peripheral/src/ch32v30x_adc.o
                0x0000000000001c62                ADC_ExternalTrigInjectedConvCmd
 .text.ADC_InjectedChannelConfig
                0x0000000000001c76       0x7a ./Peripheral/src/ch32v30x_adc.o
                0x0000000000001c76                ADC_InjectedChannelConfig
 .text.ADC_InjectedSequencerLengthConfig
                0x0000000000001cf0       0x14 ./Peripheral/src/ch32v30x_adc.o
                0x0000000000001cf0                ADC_InjectedSequencerLengthConfig
 .text.ADC_GetInjectedConversionValue
                0x0000000000001d04       0x1c ./Peripheral/src/ch32v30x_adc.o
                0x0000000000001d04                ADC_GetInjectedConversionValue
 .text.ADC_GetITStatus
                0x0000000000001d20       0x1c ./Peripheral/src/ch32v30x_adc.o
                0x0000000000001d20                ADC_GetITStatus
 .text.ADC_ClearITPendingBit
                0x0000000000001d3c        0xa ./Peripheral/src/ch32v30x_adc.o
                0x0000000000001d3c                ADC_ClearITPendingBit
 .text.ADC_BufferCmd
                0x0000000000001d46       0x18 ./Peripheral/src/ch32v30x_adc.o
                0x0000000000001d46                ADC_BufferCmd
 .text.Get_CalibrationValue
                0x0000000000001d5e      0x168 ./Peripheral/src/ch32v30x_adc.o
                0x0000000000001d5e                Get_CalibrationValue
 .text.DMA_DeInit
                0x0000000000001ec6      0x16c ./Peripheral/src/ch32v30x_dma.o
                0x0000000000001ec6                DMA_DeInit
 .text.DMA_Init
                0x0000000000002032       0x38 ./Peripheral/src/ch32v30x_dma.o
                0x0000000000002032                DMA_Init
 .text.DMA_ITConfig
                0x000000000000206a       0x12 ./Peripheral/src/ch32v30x_dma.o
                0x000000000000206a                DMA_ITConfig
 .text.DMA_GetFlagStatus
                0x000000000000207c       0x32 ./Peripheral/src/ch32v30x_dma.o
                0x000000000000207c                DMA_GetFlagStatus
 .text.DMA_ClearFlag
                0x00000000000020ae       0x2c ./Peripheral/src/ch32v30x_dma.o
                0x00000000000020ae                DMA_ClearFlag
 .text.DMA_GetITStatus
                0x00000000000020da        0xa ./Peripheral/src/ch32v30x_dma.o
                0x00000000000020da                DMA_GetITStatus
 .text.DMA_ClearITPendingBit
                0x00000000000020e4        0xa ./Peripheral/src/ch32v30x_dma.o
                0x00000000000020e4                DMA_ClearITPendingBit
 .text.GPIO_Init
                0x00000000000020ee       0xc2 ./Peripheral/src/ch32v30x_gpio.o
                0x00000000000020ee                GPIO_Init
 .text.GPIO_SetBits
                0x00000000000021b0        0x4 ./Peripheral/src/ch32v30x_gpio.o
                0x00000000000021b0                GPIO_SetBits
 .text.GPIO_ResetBits
                0x00000000000021b4        0x4 ./Peripheral/src/ch32v30x_gpio.o
                0x00000000000021b4                GPIO_ResetBits
 .text.GPIO_PinRemapConfig
                0x00000000000021b8       0xc4 ./Peripheral/src/ch32v30x_gpio.o
                0x00000000000021b8                GPIO_PinRemapConfig
 .text.NVIC_PriorityGroupConfig
                0x000000000000227c        0x6 ./Peripheral/src/ch32v30x_misc.o
                0x000000000000227c                NVIC_PriorityGroupConfig
 .text.NVIC_Init
                0x0000000000002282       0xb8 ./Peripheral/src/ch32v30x_misc.o
                0x0000000000002282                NVIC_Init
 .text.RCC_ADCCLKConfig
                0x000000000000233a       0x12 ./Peripheral/src/ch32v30x_rcc.o
                0x000000000000233a                RCC_ADCCLKConfig
 .text.RCC_GetClocksFreq
                0x000000000000234c      0x17e ./Peripheral/src/ch32v30x_rcc.o
                0x000000000000234c                RCC_GetClocksFreq
 .text.RCC_AHBPeriphClockCmd
                0x00000000000024ca       0x1e ./Peripheral/src/ch32v30x_rcc.o
                0x00000000000024ca                RCC_AHBPeriphClockCmd
 .text.RCC_APB2PeriphClockCmd
                0x00000000000024e8       0x1e ./Peripheral/src/ch32v30x_rcc.o
                0x00000000000024e8                RCC_APB2PeriphClockCmd
 .text.RCC_APB1PeriphClockCmd
                0x0000000000002506       0x1e ./Peripheral/src/ch32v30x_rcc.o
                0x0000000000002506                RCC_APB1PeriphClockCmd
 .text.RCC_APB2PeriphResetCmd
                0x0000000000002524       0x1e ./Peripheral/src/ch32v30x_rcc.o
                0x0000000000002524                RCC_APB2PeriphResetCmd
 .text.SPI_Init
                0x0000000000002542       0x5a ./Peripheral/src/ch32v30x_spi.o
                0x0000000000002542                SPI_Init
 .text.SPI_Cmd  0x000000000000259c       0x1e ./Peripheral/src/ch32v30x_spi.o
                0x000000000000259c                SPI_Cmd
 .text.SPI_I2S_SendData
                0x00000000000025ba        0x6 ./Peripheral/src/ch32v30x_spi.o
                0x00000000000025ba                SPI_I2S_SendData
 .text.SPI_I2S_ReceiveData
                0x00000000000025c0        0x6 ./Peripheral/src/ch32v30x_spi.o
                0x00000000000025c0                SPI_I2S_ReceiveData
 .text.SPI_I2S_GetFlagStatus
                0x00000000000025c6        0xc ./Peripheral/src/ch32v30x_spi.o
                0x00000000000025c6                SPI_I2S_GetFlagStatus
 .text.TIM_TimeBaseInit
                0x00000000000025d2       0xc0 ./Peripheral/src/ch32v30x_tim.o
                0x00000000000025d2                TIM_TimeBaseInit
 .text.TIM_OC1Init
                0x0000000000002692       0xa0 ./Peripheral/src/ch32v30x_tim.o
                0x0000000000002692                TIM_OC1Init
 .text.TIM_OC2Init
                0x0000000000002732       0xcc ./Peripheral/src/ch32v30x_tim.o
                0x0000000000002732                TIM_OC2Init
 .text.TIM_OC3Init
                0x00000000000027fe       0xca ./Peripheral/src/ch32v30x_tim.o
                0x00000000000027fe                TIM_OC3Init
 .text.TIM_OC4Init
                0x00000000000028c8       0x9e ./Peripheral/src/ch32v30x_tim.o
                0x00000000000028c8                TIM_OC4Init
 .text.TIM_BDTRConfig
                0x0000000000002966       0x2e ./Peripheral/src/ch32v30x_tim.o
                0x0000000000002966                TIM_BDTRConfig
 .text.TIM_Cmd  0x0000000000002994       0x1c ./Peripheral/src/ch32v30x_tim.o
                0x0000000000002994                TIM_Cmd
 .text.TIM_CtrlPWMOutputs
                0x00000000000029b0       0x16 ./Peripheral/src/ch32v30x_tim.o
                0x00000000000029b0                TIM_CtrlPWMOutputs
 .text.TIM_ARRPreloadConfig
                0x00000000000029c6       0x1e ./Peripheral/src/ch32v30x_tim.o
                0x00000000000029c6                TIM_ARRPreloadConfig
 .text.TIM_OC1PreloadConfig
                0x00000000000029e4       0x12 ./Peripheral/src/ch32v30x_tim.o
                0x00000000000029e4                TIM_OC1PreloadConfig
 .text.TIM_OC2PreloadConfig
                0x00000000000029f6       0x1a ./Peripheral/src/ch32v30x_tim.o
                0x00000000000029f6                TIM_OC2PreloadConfig
 .text.TIM_OC3PreloadConfig
                0x0000000000002a10       0x12 ./Peripheral/src/ch32v30x_tim.o
                0x0000000000002a10                TIM_OC3PreloadConfig
 .text.TIM_OC4PreloadConfig
                0x0000000000002a22       0x1a ./Peripheral/src/ch32v30x_tim.o
                0x0000000000002a22                TIM_OC4PreloadConfig
 .text.TIM_SetCompare1
                0x0000000000002a3c        0x6 ./Peripheral/src/ch32v30x_tim.o
                0x0000000000002a3c                TIM_SetCompare1
 .text.TIM_SetCompare2
                0x0000000000002a42        0x6 ./Peripheral/src/ch32v30x_tim.o
                0x0000000000002a42                TIM_SetCompare2
 .text.TIM_SetCompare3
                0x0000000000002a48        0x6 ./Peripheral/src/ch32v30x_tim.o
                0x0000000000002a48                TIM_SetCompare3
 .text.USART_Init
                0x0000000000002a4e       0xd8 ./Peripheral/src/ch32v30x_usart.o
                0x0000000000002a4e                USART_Init
 .text.USART_Cmd
                0x0000000000002b26       0x1c ./Peripheral/src/ch32v30x_usart.o
                0x0000000000002b26                USART_Cmd
 .text.USART_ITConfig
                0x0000000000002b42       0x36 ./Peripheral/src/ch32v30x_usart.o
                0x0000000000002b42                USART_ITConfig
 .text.USART_SendData
                0x0000000000002b78        0xa ./Peripheral/src/ch32v30x_usart.o
                0x0000000000002b78                USART_SendData
 .text.USART_ReceiveData
                0x0000000000002b82        0xa ./Peripheral/src/ch32v30x_usart.o
                0x0000000000002b82                USART_ReceiveData
 .text.USART_GetFlagStatus
                0x0000000000002b8c        0xc ./Peripheral/src/ch32v30x_usart.o
                0x0000000000002b8c                USART_GetFlagStatus
 .text.USART_GetITStatus
                0x0000000000002b98       0x44 ./Peripheral/src/ch32v30x_usart.o
                0x0000000000002b98                USART_GetITStatus
 .text.DevEP1_IN_Deal
                0x0000000000002bdc       0x16 ./Peripheral/src/ch32v30x_usbotg_device.o
                0x0000000000002bdc                DevEP1_IN_Deal
 .text.DevEP2_IN_Deal
                0x0000000000002bf2       0x16 ./Peripheral/src/ch32v30x_usbotg_device.o
                0x0000000000002bf2                DevEP2_IN_Deal
 .text.DevEP1_OUT_Deal
                0x0000000000002c08       0x2a ./Peripheral/src/ch32v30x_usbotg_device.o
                0x0000000000002c08                DevEP1_OUT_Deal
 .text.DevEP2_OUT_Deal
                0x0000000000002c32       0x2a ./Peripheral/src/ch32v30x_usbotg_device.o
                0x0000000000002c32                DevEP2_OUT_Deal
 .text.OTG_FS_IRQHandler
                0x0000000000002c5c      0x6ae ./Peripheral/src/ch32v30x_usbotg_device.o
                0x0000000000002c5c                OTG_FS_IRQHandler
 .text.get_conversion_val_ADC1
                0x000000000000330a       0x30 ./Hardware/adc.o
 .text.hardware_adc_boot
                0x000000000000333a      0x1d0 ./Hardware/adc.o
                0x000000000000333a                hardware_adc_boot
 .text.hardware_adc_read_phase_c
                0x000000000000350a       0x1c ./Hardware/adc.o
                0x000000000000350a                hardware_adc_read_phase_c
 .text.hardware_adc_read_phase_b
                0x0000000000003526       0x1e ./Hardware/adc.o
                0x0000000000003526                hardware_adc_read_phase_b
 .text.hardware_adc_read_phase_a
                0x0000000000003544       0x42 ./Hardware/adc.o
                0x0000000000003544                hardware_adc_read_phase_a
 .text.hardware_adc_read_vbus
                0x0000000000003586       0x10 ./Hardware/adc.o
                0x0000000000003586                hardware_adc_read_vbus
 .text.hardware_adc_read_vgnd
                0x0000000000003596       0x32 ./Hardware/adc.o
                0x0000000000003596                hardware_adc_read_vgnd
 .text.hardware_delay_init
                0x00000000000035c8       0x2a ./Hardware/delay.o
                0x00000000000035c8                hardware_delay_init
 .text.hardware_delay_us
                0x00000000000035f2       0x36 ./Hardware/delay.o
                0x00000000000035f2                hardware_delay_us
 .text.hardware_delay_ms
                0x0000000000003628       0x36 ./Hardware/delay.o
                0x0000000000003628                hardware_delay_ms
 .text.hardware_dma_boot
                0x000000000000365e       0x76 ./Hardware/dma.o
                0x000000000000365e                hardware_dma_boot
 .text.hardware_motor_gpio_boot
                0x00000000000036d4       0xd0 ./Hardware/gpio.o
                0x00000000000036d4                hardware_motor_gpio_boot
 .text.hardware_encoder_gpio_boot
                0x00000000000037a4       0x7e ./Hardware/gpio.o
                0x00000000000037a4                hardware_encoder_gpio_boot
 .text.ADC1_2_IRQHandler
                0x0000000000003822       0x86 ./Hardware/it.o
                0x0000000000003822                ADC1_2_IRQHandler
 .text.DMA1_Channel1_IRQHandler
                0x00000000000038a8       0x76 ./Hardware/it.o
                0x00000000000038a8                DMA1_Channel1_IRQHandler
 .text.USART3_IRQHandler
                0x000000000000391e       0x86 ./Hardware/it.o
                0x000000000000391e                USART3_IRQHandler
 .text.hardware_nvic_boot
                0x00000000000039a4       0x52 ./Hardware/nvic.o
                0x00000000000039a4                hardware_nvic_boot
 .text.hardware_encoder_spi_boot
                0x00000000000039f6       0x52 ./Hardware/spi.o
                0x00000000000039f6                hardware_encoder_spi_boot
 .text.spi_write
                0x0000000000003a48       0x1e ./Hardware/spi.o
                0x0000000000003a48                spi_write
 .text.spi_read
                0x0000000000003a66       0x1a ./Hardware/spi.o
                0x0000000000003a66                spi_read
 .text.spi_write_read
                0x0000000000003a80       0x38 ./Hardware/spi.o
                0x0000000000003a80                spi_write_read
 .text.check_parity
                0x0000000000003ab8       0x1c ./Hardware/spi.o
                0x0000000000003ab8                check_parity
 .text.hardware_encoder_spi_data
                0x0000000000003ad4       0x2e ./Hardware/spi.o
                0x0000000000003ad4                hardware_encoder_spi_data
 .text.hardware_pwm_boot
                0x0000000000003b02      0x152 ./Hardware/timer.o
                0x0000000000003b02                hardware_pwm_boot
 .text.hardware_set_pwm_duty_ch_a
                0x0000000000003c54       0x3a ./Hardware/timer.o
                0x0000000000003c54                hardware_set_pwm_duty_ch_a
 .text.hardware_set_pwm_duty_ch_b
                0x0000000000003c8e       0x3a ./Hardware/timer.o
                0x0000000000003c8e                hardware_set_pwm_duty_ch_b
 .text.hardware_set_pwm_duty_ch_c
                0x0000000000003cc8       0x3a ./Hardware/timer.o
                0x0000000000003cc8                hardware_set_pwm_duty_ch_c
 .text.hardware_usart3_boot
                0x0000000000003d02       0x58 ./Hardware/usart.o
                0x0000000000003d02                hardware_usart3_boot
 .text.hardware_usart3_send
                0x0000000000003d5a       0x32 ./Hardware/usart.o
                0x0000000000003d5a                hardware_usart3_send
 .text.__extendsfdf2
                0x0000000000003d8c       0xe8 s:/app/mounriver/mounriver_studio/toolchain/risc-v embedded gcc/bin/../lib/gcc/riscv-none-embed/8.2.0/rv32imafc/ilp32f\libgcc.a(extendsfdf2.o)
                0x0000000000003d8c                __extendsfdf2
 .text.__clzsi2
                0x0000000000003e74       0x76 s:/app/mounriver/mounriver_studio/toolchain/risc-v embedded gcc/bin/../lib/gcc/riscv-none-embed/8.2.0/rv32imafc/ilp32f\libgcc.a(_clzsi2.o)
                0x0000000000003e74                __clzsi2
 .text.memcpy   0x0000000000003eea       0xb6 s:/app/mounriver/mounriver_studio/toolchain/risc-v embedded gcc/bin/../lib/gcc/riscv-none-embed/8.2.0/../../../../riscv-none-embed/lib/rv32imafc/ilp32f\libg_nano.a(lib_a-memcpy.o)
                0x0000000000003eea                memcpy
 .text.__cvt    0x0000000000003fa0       0xee s:/app/mounriver/mounriver_studio/toolchain/risc-v embedded gcc/bin/../lib/gcc/riscv-none-embed/8.2.0/../../../../riscv-none-embed/lib/rv32imafc/ilp32f\libg_nano.a(lib_a-nano-vfprintf_float.o)
                0x0000000000003fa0                __cvt
 .text.__exponent
                0x000000000000408e       0x8c s:/app/mounriver/mounriver_studio/toolchain/risc-v embedded gcc/bin/../lib/gcc/riscv-none-embed/8.2.0/../../../../riscv-none-embed/lib/rv32imafc/ilp32f\libg_nano.a(lib_a-nano-vfprintf_float.o)
                0x000000000000408e                __exponent
 .text._printf_float
                0x000000000000411a      0x4c4 s:/app/mounriver/mounriver_studio/toolchain/risc-v embedded gcc/bin/../lib/gcc/riscv-none-embed/8.2.0/../../../../riscv-none-embed/lib/rv32imafc/ilp32f\libg_nano.a(lib_a-nano-vfprintf_float.o)
                0x000000000000411a                _printf_float
 .text._printf_common
                0x00000000000045de      0x10c s:/app/mounriver/mounriver_studio/toolchain/risc-v embedded gcc/bin/../lib/gcc/riscv-none-embed/8.2.0/../../../../riscv-none-embed/lib/rv32imafc/ilp32f\libg_nano.a(lib_a-nano-vfprintf_i.o)
                0x00000000000045de                _printf_common
 .text._printf_i
                0x00000000000046ea      0x2ac s:/app/mounriver/mounriver_studio/toolchain/risc-v embedded gcc/bin/../lib/gcc/riscv-none-embed/8.2.0/../../../../riscv-none-embed/lib/rv32imafc/ilp32f\libg_nano.a(lib_a-nano-vfprintf_i.o)
                0x00000000000046ea                _printf_i
 .text.strlen   0x0000000000004996       0x12 s:/app/mounriver/mounriver_studio/toolchain/risc-v embedded gcc/bin/../lib/gcc/riscv-none-embed/8.2.0/../../../../riscv-none-embed/lib/rv32imafc/ilp32f\libg_nano.a(lib_a-strlen.o)
                0x0000000000004996                strlen
 .text.sulp     0x00000000000049a8       0x4e s:/app/mounriver/mounriver_studio/toolchain/risc-v embedded gcc/bin/../lib/gcc/riscv-none-embed/8.2.0/../../../../riscv-none-embed/lib/rv32imafc/ilp32f\libg_nano.a(lib_a-strtod.o)
 .text._strtod_l
                0x00000000000049f6      0xc9c s:/app/mounriver/mounriver_studio/toolchain/risc-v embedded gcc/bin/../lib/gcc/riscv-none-embed/8.2.0/../../../../riscv-none-embed/lib/rv32imafc/ilp32f\libg_nano.a(lib_a-strtod.o)
                0x00000000000049f6                _strtod_l
 .text.strtof   0x0000000000005692       0xc6 s:/app/mounriver/mounriver_studio/toolchain/risc-v embedded gcc/bin/../lib/gcc/riscv-none-embed/8.2.0/../../../../riscv-none-embed/lib/rv32imafc/ilp32f\libg_nano.a(lib_a-strtod.o)
                0x0000000000005692                strtof
 .text._strtol_l.isra.0
                0x0000000000005758      0x144 s:/app/mounriver/mounriver_studio/toolchain/risc-v embedded gcc/bin/../lib/gcc/riscv-none-embed/8.2.0/../../../../riscv-none-embed/lib/rv32imafc/ilp32f\libg_nano.a(lib_a-strtol.o)
 .text.strtol   0x000000000000589c       0x1e s:/app/mounriver/mounriver_studio/toolchain/risc-v embedded gcc/bin/../lib/gcc/riscv-none-embed/8.2.0/../../../../riscv-none-embed/lib/rv32imafc/ilp32f\libg_nano.a(lib_a-strtol.o)
                0x000000000000589c                strtol
 .text._vsnprintf_r
                0x00000000000058ba       0x60 s:/app/mounriver/mounriver_studio/toolchain/risc-v embedded gcc/bin/../lib/gcc/riscv-none-embed/8.2.0/../../../../riscv-none-embed/lib/rv32imafc/ilp32f\libg_nano.a(lib_a-vsnprintf.o)
                0x00000000000058ba                _vsniprintf_r
                0x00000000000058ba                _vsnprintf_r
 .text.vsnprintf
                0x000000000000591a       0x12 s:/app/mounriver/mounriver_studio/toolchain/risc-v embedded gcc/bin/../lib/gcc/riscv-none-embed/8.2.0/../../../../riscv-none-embed/lib/rv32imafc/ilp32f\libg_nano.a(lib_a-vsnprintf.o)
                0x000000000000591a                vsniprintf
                0x000000000000591a                vsnprintf
 .text.quorem   0x000000000000592c      0x13a s:/app/mounriver/mounriver_studio/toolchain/risc-v embedded gcc/bin/../lib/gcc/riscv-none-embed/8.2.0/../../../../riscv-none-embed/lib/rv32imafc/ilp32f\libg_nano.a(lib_a-dtoa.o)
 .text._dtoa_r  0x0000000000005a66      0xc04 s:/app/mounriver/mounriver_studio/toolchain/risc-v embedded gcc/bin/../lib/gcc/riscv-none-embed/8.2.0/../../../../riscv-none-embed/lib/rv32imafc/ilp32f\libg_nano.a(lib_a-dtoa.o)
                0x0000000000005a66                _dtoa_r
 .text.rshift   0x000000000000666a       0x76 s:/app/mounriver/mounriver_studio/toolchain/risc-v embedded gcc/bin/../lib/gcc/riscv-none-embed/8.2.0/../../../../riscv-none-embed/lib/rv32imafc/ilp32f\libg_nano.a(lib_a-gdtoa-gethex.o)
 .text.__hexdig_fun
                0x00000000000066e0       0x40 s:/app/mounriver/mounriver_studio/toolchain/risc-v embedded gcc/bin/../lib/gcc/riscv-none-embed/8.2.0/../../../../riscv-none-embed/lib/rv32imafc/ilp32f\libg_nano.a(lib_a-gdtoa-gethex.o)
                0x00000000000066e0                __hexdig_fun
 .text.__gethex
                0x0000000000006720      0x4cc s:/app/mounriver/mounriver_studio/toolchain/risc-v embedded gcc/bin/../lib/gcc/riscv-none-embed/8.2.0/../../../../riscv-none-embed/lib/rv32imafc/ilp32f\libg_nano.a(lib_a-gdtoa-gethex.o)
                0x0000000000006720                __gethex
 .text.L_shift  0x0000000000006bec       0x2c s:/app/mounriver/mounriver_studio/toolchain/risc-v embedded gcc/bin/../lib/gcc/riscv-none-embed/8.2.0/../../../../riscv-none-embed/lib/rv32imafc/ilp32f\libg_nano.a(lib_a-gdtoa-hexnan.o)
 .text.__match  0x0000000000006c18       0x30 s:/app/mounriver/mounriver_studio/toolchain/risc-v embedded gcc/bin/../lib/gcc/riscv-none-embed/8.2.0/../../../../riscv-none-embed/lib/rv32imafc/ilp32f\libg_nano.a(lib_a-gdtoa-hexnan.o)
                0x0000000000006c18                __match
 .text.__hexnan
                0x0000000000006c48      0x160 s:/app/mounriver/mounriver_studio/toolchain/risc-v embedded gcc/bin/../lib/gcc/riscv-none-embed/8.2.0/../../../../riscv-none-embed/lib/rv32imafc/ilp32f\libg_nano.a(lib_a-gdtoa-hexnan.o)
                0x0000000000006c48                __hexnan
 .text.__locale_ctype_ptr_l
                0x0000000000006da8        0x6 s:/app/mounriver/mounriver_studio/toolchain/risc-v embedded gcc/bin/../lib/gcc/riscv-none-embed/8.2.0/../../../../riscv-none-embed/lib/rv32imafc/ilp32f\libg_nano.a(lib_a-locale.o)
                0x0000000000006da8                __locale_ctype_ptr_l
 .text.__localeconv_l
                0x0000000000006dae        0x6 s:/app/mounriver/mounriver_studio/toolchain/risc-v embedded gcc/bin/../lib/gcc/riscv-none-embed/8.2.0/../../../../riscv-none-embed/lib/rv32imafc/ilp32f\libg_nano.a(lib_a-localeconv.o)
                0x0000000000006dae                __localeconv_l
 .text._localeconv_r
                0x0000000000006db4       0x18 s:/app/mounriver/mounriver_studio/toolchain/risc-v embedded gcc/bin/../lib/gcc/riscv-none-embed/8.2.0/../../../../riscv-none-embed/lib/rv32imafc/ilp32f\libg_nano.a(lib_a-localeconv.o)
                0x0000000000006db4                _localeconv_r
 .text.malloc   0x0000000000006dcc        0xc s:/app/mounriver/mounriver_studio/toolchain/risc-v embedded gcc/bin/../lib/gcc/riscv-none-embed/8.2.0/../../../../riscv-none-embed/lib/rv32imafc/ilp32f\libg_nano.a(lib_a-malloc.o)
                0x0000000000006dcc                malloc
 .text.__ascii_mbtowc
                0x0000000000006dd8       0x3a s:/app/mounriver/mounriver_studio/toolchain/risc-v embedded gcc/bin/../lib/gcc/riscv-none-embed/8.2.0/../../../../riscv-none-embed/lib/rv32imafc/ilp32f\libg_nano.a(lib_a-mbtowc_r.o)
                0x0000000000006dd8                __ascii_mbtowc
 .text.memchr   0x0000000000006e12       0x1a s:/app/mounriver/mounriver_studio/toolchain/risc-v embedded gcc/bin/../lib/gcc/riscv-none-embed/8.2.0/../../../../riscv-none-embed/lib/rv32imafc/ilp32f\libg_nano.a(lib_a-memchr.o)
                0x0000000000006e12                memchr
 .text._Balloc  0x0000000000006e2c       0x8c s:/app/mounriver/mounriver_studio/toolchain/risc-v embedded gcc/bin/../lib/gcc/riscv-none-embed/8.2.0/../../../../riscv-none-embed/lib/rv32imafc/ilp32f\libg_nano.a(lib_a-mprec.o)
                0x0000000000006e2c                _Balloc
 .text._Bfree   0x0000000000006eb8       0x44 s:/app/mounriver/mounriver_studio/toolchain/risc-v embedded gcc/bin/../lib/gcc/riscv-none-embed/8.2.0/../../../../riscv-none-embed/lib/rv32imafc/ilp32f\libg_nano.a(lib_a-mprec.o)
                0x0000000000006eb8                _Bfree
 .text.__multadd
                0x0000000000006efc       0x98 s:/app/mounriver/mounriver_studio/toolchain/risc-v embedded gcc/bin/../lib/gcc/riscv-none-embed/8.2.0/../../../../riscv-none-embed/lib/rv32imafc/ilp32f\libg_nano.a(lib_a-mprec.o)
                0x0000000000006efc                __multadd
 .text.__s2b    0x0000000000006f94       0xa6 s:/app/mounriver/mounriver_studio/toolchain/risc-v embedded gcc/bin/../lib/gcc/riscv-none-embed/8.2.0/../../../../riscv-none-embed/lib/rv32imafc/ilp32f\libg_nano.a(lib_a-mprec.o)
                0x0000000000006f94                __s2b
 .text.__hi0bits
                0x000000000000703a       0x46 s:/app/mounriver/mounriver_studio/toolchain/risc-v embedded gcc/bin/../lib/gcc/riscv-none-embed/8.2.0/../../../../riscv-none-embed/lib/rv32imafc/ilp32f\libg_nano.a(lib_a-mprec.o)
                0x000000000000703a                __hi0bits
 .text.__lo0bits
                0x0000000000007080       0x6a s:/app/mounriver/mounriver_studio/toolchain/risc-v embedded gcc/bin/../lib/gcc/riscv-none-embed/8.2.0/../../../../riscv-none-embed/lib/rv32imafc/ilp32f\libg_nano.a(lib_a-mprec.o)
                0x0000000000007080                __lo0bits
 .text.__i2b    0x00000000000070ea       0x1c s:/app/mounriver/mounriver_studio/toolchain/risc-v embedded gcc/bin/../lib/gcc/riscv-none-embed/8.2.0/../../../../riscv-none-embed/lib/rv32imafc/ilp32f\libg_nano.a(lib_a-mprec.o)
                0x00000000000070ea                __i2b
 .text.__multiply
                0x0000000000007106      0x144 s:/app/mounriver/mounriver_studio/toolchain/risc-v embedded gcc/bin/../lib/gcc/riscv-none-embed/8.2.0/../../../../riscv-none-embed/lib/rv32imafc/ilp32f\libg_nano.a(lib_a-mprec.o)
                0x0000000000007106                __multiply
 .text.__pow5mult
                0x000000000000724a       0xbe s:/app/mounriver/mounriver_studio/toolchain/risc-v embedded gcc/bin/../lib/gcc/riscv-none-embed/8.2.0/../../../../riscv-none-embed/lib/rv32imafc/ilp32f\libg_nano.a(lib_a-mprec.o)
                0x000000000000724a                __pow5mult
 .text.__lshift
                0x0000000000007308       0xce s:/app/mounriver/mounriver_studio/toolchain/risc-v embedded gcc/bin/../lib/gcc/riscv-none-embed/8.2.0/../../../../riscv-none-embed/lib/rv32imafc/ilp32f\libg_nano.a(lib_a-mprec.o)
                0x0000000000007308                __lshift
 .text.__mcmp   0x00000000000073d6       0x32 s:/app/mounriver/mounriver_studio/toolchain/risc-v embedded gcc/bin/../lib/gcc/riscv-none-embed/8.2.0/../../../../riscv-none-embed/lib/rv32imafc/ilp32f\libg_nano.a(lib_a-mprec.o)
                0x00000000000073d6                __mcmp
 .text.__mdiff  0x0000000000007408       0xf2 s:/app/mounriver/mounriver_studio/toolchain/risc-v embedded gcc/bin/../lib/gcc/riscv-none-embed/8.2.0/../../../../riscv-none-embed/lib/rv32imafc/ilp32f\libg_nano.a(lib_a-mprec.o)
                0x0000000000007408                __mdiff
 .text.__ulp    0x00000000000074fa       0x46 s:/app/mounriver/mounriver_studio/toolchain/risc-v embedded gcc/bin/../lib/gcc/riscv-none-embed/8.2.0/../../../../riscv-none-embed/lib/rv32imafc/ilp32f\libg_nano.a(lib_a-mprec.o)
                0x00000000000074fa                __ulp
 .text.__b2d    0x0000000000007540       0xb4 s:/app/mounriver/mounriver_studio/toolchain/risc-v embedded gcc/bin/../lib/gcc/riscv-none-embed/8.2.0/../../../../riscv-none-embed/lib/rv32imafc/ilp32f\libg_nano.a(lib_a-mprec.o)
                0x0000000000007540                __b2d
 .text.__d2b    0x00000000000075f4       0xd4 s:/app/mounriver/mounriver_studio/toolchain/risc-v embedded gcc/bin/../lib/gcc/riscv-none-embed/8.2.0/../../../../riscv-none-embed/lib/rv32imafc/ilp32f\libg_nano.a(lib_a-mprec.o)
                0x00000000000075f4                __d2b
 .text.__ratio  0x00000000000076c8       0x74 s:/app/mounriver/mounriver_studio/toolchain/risc-v embedded gcc/bin/../lib/gcc/riscv-none-embed/8.2.0/../../../../riscv-none-embed/lib/rv32imafc/ilp32f\libg_nano.a(lib_a-mprec.o)
                0x00000000000076c8                __ratio
 .text.__copybits
                0x000000000000773c       0x36 s:/app/mounriver/mounriver_studio/toolchain/risc-v embedded gcc/bin/../lib/gcc/riscv-none-embed/8.2.0/../../../../riscv-none-embed/lib/rv32imafc/ilp32f\libg_nano.a(lib_a-mprec.o)
                0x000000000000773c                __copybits
 .text.__any_on
                0x0000000000007772       0x46 s:/app/mounriver/mounriver_studio/toolchain/risc-v embedded gcc/bin/../lib/gcc/riscv-none-embed/8.2.0/../../../../riscv-none-embed/lib/rv32imafc/ilp32f\libg_nano.a(lib_a-mprec.o)
                0x0000000000007772                __any_on
 .text._calloc_r
                0x00000000000077b8       0x26 s:/app/mounriver/mounriver_studio/toolchain/risc-v embedded gcc/bin/../lib/gcc/riscv-none-embed/8.2.0/../../../../riscv-none-embed/lib/rv32imafc/ilp32f\libg_nano.a(lib_a-nano-callocr.o)
                0x00000000000077b8                _calloc_r
 .text._free_r  0x00000000000077de       0xa4 s:/app/mounriver/mounriver_studio/toolchain/risc-v embedded gcc/bin/../lib/gcc/riscv-none-embed/8.2.0/../../../../riscv-none-embed/lib/rv32imafc/ilp32f\libg_nano.a(lib_a-nano-freer.o)
                0x00000000000077de                _free_r
 .text._malloc_r
                0x0000000000007882       0xce s:/app/mounriver/mounriver_studio/toolchain/risc-v embedded gcc/bin/../lib/gcc/riscv-none-embed/8.2.0/../../../../riscv-none-embed/lib/rv32imafc/ilp32f\libg_nano.a(lib_a-nano-mallocr.o)
                0x0000000000007882                _malloc_r
 .text.__ssputs_r
                0x0000000000007950       0xea s:/app/mounriver/mounriver_studio/toolchain/risc-v embedded gcc/bin/../lib/gcc/riscv-none-embed/8.2.0/../../../../riscv-none-embed/lib/rv32imafc/ilp32f\libg_nano.a(lib_a-nano-svfprintf.o)
                0x0000000000007950                __ssputs_r
 .text._svfprintf_r
                0x0000000000007a3a      0x27e s:/app/mounriver/mounriver_studio/toolchain/risc-v embedded gcc/bin/../lib/gcc/riscv-none-embed/8.2.0/../../../../riscv-none-embed/lib/rv32imafc/ilp32f\libg_nano.a(lib_a-nano-svfprintf.o)
                0x0000000000007a3a                _svfiprintf_r
                0x0000000000007a3a                _svfprintf_r
 .text._sbrk_r  0x0000000000007cb8       0x2a s:/app/mounriver/mounriver_studio/toolchain/risc-v embedded gcc/bin/../lib/gcc/riscv-none-embed/8.2.0/../../../../riscv-none-embed/lib/rv32imafc/ilp32f\libg_nano.a(lib_a-sbrkr.o)
                0x0000000000007cb8                _sbrk_r
 .text.nanf     0x0000000000007ce2        0xa s:/app/mounriver/mounriver_studio/toolchain/risc-v embedded gcc/bin/../lib/gcc/riscv-none-embed/8.2.0/../../../../riscv-none-embed/lib/rv32imafc/ilp32f\libg_nano.a(lib_a-sf_nan.o)
                0x0000000000007ce2                nanf
 .text.strncmp  0x0000000000007cec       0x2c s:/app/mounriver/mounriver_studio/toolchain/risc-v embedded gcc/bin/../lib/gcc/riscv-none-embed/8.2.0/../../../../riscv-none-embed/lib/rv32imafc/ilp32f\libg_nano.a(lib_a-strncmp.o)
                0x0000000000007cec                strncmp
 .text.__ascii_wctomb
                0x0000000000007d18       0x20 s:/app/mounriver/mounriver_studio/toolchain/risc-v embedded gcc/bin/../lib/gcc/riscv-none-embed/8.2.0/../../../../riscv-none-embed/lib/rv32imafc/ilp32f\libg_nano.a(lib_a-wctomb_r.o)
                0x0000000000007d18                __ascii_wctomb
 .text.memmove  0x0000000000007d38       0x4a s:/app/mounriver/mounriver_studio/toolchain/risc-v embedded gcc/bin/../lib/gcc/riscv-none-embed/8.2.0/../../../../riscv-none-embed/lib/rv32imafc/ilp32f\libg_nano.a(lib_a-memmove.o)
                0x0000000000007d38                memmove
 .text.__malloc_lock
                0x0000000000007d82        0x2 s:/app/mounriver/mounriver_studio/toolchain/risc-v embedded gcc/bin/../lib/gcc/riscv-none-embed/8.2.0/../../../../riscv-none-embed/lib/rv32imafc/ilp32f\libg_nano.a(lib_a-mlock.o)
                0x0000000000007d82                __malloc_lock
 .text.__malloc_unlock
                0x0000000000007d84        0x2 s:/app/mounriver/mounriver_studio/toolchain/risc-v embedded gcc/bin/../lib/gcc/riscv-none-embed/8.2.0/../../../../riscv-none-embed/lib/rv32imafc/ilp32f\libg_nano.a(lib_a-mlock.o)
                0x0000000000007d84                __malloc_unlock
 .text._realloc_r
                0x0000000000007d86       0x58 s:/app/mounriver/mounriver_studio/toolchain/risc-v embedded gcc/bin/../lib/gcc/riscv-none-embed/8.2.0/../../../../riscv-none-embed/lib/rv32imafc/ilp32f\libg_nano.a(lib_a-nano-reallocr.o)
                0x0000000000007d86                _realloc_r
 .text._malloc_usable_size_r
                0x0000000000007dde       0x14 s:/app/mounriver/mounriver_studio/toolchain/risc-v embedded gcc/bin/../lib/gcc/riscv-none-embed/8.2.0/../../../../riscv-none-embed/lib/rv32imafc/ilp32f\libg_nano.a(lib_a-nano-msizer.o)
                0x0000000000007dde                _malloc_usable_size_r
 .text.__adddf3
                0x0000000000007df2      0xa0e s:/app/mounriver/mounriver_studio/toolchain/risc-v embedded gcc/bin/../lib/gcc/riscv-none-embed/8.2.0/rv32imafc/ilp32f\libgcc.a(adddf3.o)
                0x0000000000007df2                __adddf3
 .text.__divdf3
                0x0000000000008800      0x7ea s:/app/mounriver/mounriver_studio/toolchain/risc-v embedded gcc/bin/../lib/gcc/riscv-none-embed/8.2.0/rv32imafc/ilp32f\libgcc.a(divdf3.o)
                0x0000000000008800                __divdf3
 .text.__eqdf2  0x0000000000008fea       0x98 s:/app/mounriver/mounriver_studio/toolchain/risc-v embedded gcc/bin/../lib/gcc/riscv-none-embed/8.2.0/rv32imafc/ilp32f\libgcc.a(eqdf2.o)
                0x0000000000008fea                __nedf2
                0x0000000000008fea                __eqdf2
 .text.__gedf2  0x0000000000009082       0xb6 s:/app/mounriver/mounriver_studio/toolchain/risc-v embedded gcc/bin/../lib/gcc/riscv-none-embed/8.2.0/rv32imafc/ilp32f\libgcc.a(gedf2.o)
                0x0000000000009082                __gedf2
                0x0000000000009082                __gtdf2
 .text.__ledf2  0x0000000000009138       0xb6 s:/app/mounriver/mounriver_studio/toolchain/risc-v embedded gcc/bin/../lib/gcc/riscv-none-embed/8.2.0/rv32imafc/ilp32f\libgcc.a(ledf2.o)
                0x0000000000009138                __ledf2
                0x0000000000009138                __ltdf2
 .text.__muldf3
                0x00000000000091ee      0x656 s:/app/mounriver/mounriver_studio/toolchain/risc-v embedded gcc/bin/../lib/gcc/riscv-none-embed/8.2.0/rv32imafc/ilp32f\libgcc.a(muldf3.o)
                0x00000000000091ee                __muldf3
 .text.__subdf3
                0x0000000000009844      0xa8c s:/app/mounriver/mounriver_studio/toolchain/risc-v embedded gcc/bin/../lib/gcc/riscv-none-embed/8.2.0/rv32imafc/ilp32f\libgcc.a(subdf3.o)
                0x0000000000009844                __subdf3
 .text.__unorddf2
                0x000000000000a2d0       0x7c s:/app/mounriver/mounriver_studio/toolchain/risc-v embedded gcc/bin/../lib/gcc/riscv-none-embed/8.2.0/rv32imafc/ilp32f\libgcc.a(unorddf2.o)
                0x000000000000a2d0                __unorddf2
 .text.__fixdfsi
                0x000000000000a34c       0xd8 s:/app/mounriver/mounriver_studio/toolchain/risc-v embedded gcc/bin/../lib/gcc/riscv-none-embed/8.2.0/rv32imafc/ilp32f\libgcc.a(fixdfsi.o)
                0x000000000000a34c                __fixdfsi
 .text.__fixunsdfsi
                0x000000000000a424       0x9e s:/app/mounriver/mounriver_studio/toolchain/risc-v embedded gcc/bin/../lib/gcc/riscv-none-embed/8.2.0/rv32imafc/ilp32f\libgcc.a(fixunsdfsi.o)
                0x000000000000a424                __fixunsdfsi
 .text.__floatsidf
                0x000000000000a4c2       0x72 s:/app/mounriver/mounriver_studio/toolchain/risc-v embedded gcc/bin/../lib/gcc/riscv-none-embed/8.2.0/rv32imafc/ilp32f\libgcc.a(floatsidf.o)
                0x000000000000a4c2                __floatsidf
 .text.__floatunsidf
                0x000000000000a534       0x68 s:/app/mounriver/mounriver_studio/toolchain/risc-v embedded gcc/bin/../lib/gcc/riscv-none-embed/8.2.0/rv32imafc/ilp32f\libgcc.a(floatunsidf.o)
                0x000000000000a534                __floatunsidf
 .text.__truncdfsf2
                0x000000000000a59c      0x31e s:/app/mounriver/mounriver_studio/toolchain/risc-v embedded gcc/bin/../lib/gcc/riscv-none-embed/8.2.0/rv32imafc/ilp32f\libgcc.a(truncdfsf2.o)
                0x000000000000a59c                __truncdfsf2
 .text.__trunctfdf2
                0x000000000000a8ba      0x3d0 s:/app/mounriver/mounriver_studio/toolchain/risc-v embedded gcc/bin/../lib/gcc/riscv-none-embed/8.2.0/rv32imafc/ilp32f\libgcc.a(trunctfdf2.o)
                0x000000000000a8ba                __trunctfdf2
 .text._sbrk    0x000000000000ac8a       0x20 s:/app/mounriver/mounriver_studio/toolchain/risc-v embedded gcc/bin/../lib/gcc/riscv-none-embed/8.2.0/../../../../riscv-none-embed/lib/rv32imafc/ilp32f\libnosys.a(sbrk.o)
                0x000000000000ac8a                _sbrk
 *(.rodata)
 *(.rodata*)
 *fill*         0x000000000000acaa        0x2 
 .rodata.main.cst4
                0x000000000000acac       0x2c ./User/main.o
 .rodata.main.str1.4
                0x000000000000acd8        0xf ./User/main.o
 *fill*         0x000000000000ace7        0x1 
 .rodata.adc_boot.cst4
                0x000000000000ace8        0x8 ./QueFOC_dev/adc_sensor.o
 .rodata.adc_sensor_init.cst4
                0x000000000000acf0        0x8 ./QueFOC_dev/adc_sensor.o
 .rodata.adc_update.cst4
                0x000000000000acf8        0x4 ./QueFOC_dev/adc_sensor.o
 .rodata.cmder_cmd_error.str1.4
                0x000000000000acfc       0x17 ./QueFOC_dev/comm.o
 *fill*         0x000000000000ad13        0x1 
 .rodata.cmder_report_error.str1.4
                0x000000000000ad14       0x14 ./QueFOC_dev/comm.o
 .rodata.interrupt_receive_one_char.cst4
                0x000000000000ad28       0x14 ./QueFOC_dev/comm.o
 .rodata.interrupt_receive_one_char.str1.4
                0x000000000000ad3c       0xca ./QueFOC_dev/comm.o
                                         0xce (size before relaxing)
 *fill*         0x000000000000ae06        0x2 
 .rodata.fast_sin.cst4
                0x000000000000ae08       0x10 ./QueFOC_dev/fast_math.o
                                         0x14 (size before relaxing)
 .rodata.fast_sqrt.cst4
                0x000000000000ae18        0x4 ./QueFOC_dev/fast_math.o
 .rodata.sin_table
                0x000000000000ae18      0xfa4 ./QueFOC_dev/fast_math.o
                0x000000000000ae18                sin_table
 .rodata.clarke_transform.cst4
                0x000000000000bdbc        0x4 ./QueFOC_dev/foc.o
 .rodata.foc_current_control.cst4
                0x000000000000bdc0        0x4 ./QueFOC_dev/foc.o
 .rodata.foc_d_q_vec_control.cst4
                0x000000000000bdc4        0x8 ./QueFOC_dev/foc.o
 .rodata.foc_modulation_svm.cst4
                0x000000000000bdcc       0x10 ./QueFOC_dev/foc.o
                                         0x14 (size before relaxing)
 .rodata.foc_voltage_control.cst4
                0x000000000000bddc        0x4 ./QueFOC_dev/foc.o
                                          0x8 (size before relaxing)
 .rodata.motor_loop_calibration
                0x000000000000bde0       0x38 ./QueFOC_dev/motor.o
 .rodata.motor_init.cst4
                0x000000000000be18        0x4 ./QueFOC_dev/motor.o
 .rodata.motor_loop_calibration.cst4
                0x000000000000be1c        0x8 ./QueFOC_dev/motor.o
                                         0x14 (size before relaxing)
 .rodata.motor_loop_calibration.str1.4
                0x000000000000be24       0xfe ./QueFOC_dev/motor.o
 *fill*         0x000000000000bf22        0x2 
 .rodata.motor_loop_error.str1.4
                0x000000000000bf24       0x8a ./QueFOC_dev/motor.o
 *fill*         0x000000000000bfae        0x2 
 .rodata.motor_loop_run.cst4
                0x000000000000bfb0        0x4 ./QueFOC_dev/motor.o
 .rodata.OTG_FS_IRQHandler
                0x000000000000bfb4       0x30 ./Peripheral/src/ch32v30x_usbotg_device.o
 .rodata.MyCfgDescrHD
                0x000000000000bfe4       0x43 ./Peripheral/src/ch32v30x_usbotg_device.o
                0x000000000000bfe4                MyCfgDescrHD
 *fill*         0x000000000000c027        0x1 
 .rodata.MyDevDescrHD
                0x000000000000c028       0x12 ./Peripheral/src/ch32v30x_usbotg_device.o
                0x000000000000c028                MyDevDescrHD
 *fill*         0x000000000000c03a        0x2 
 .rodata.MyManuInfoHD
                0x000000000000c03c        0xe ./Peripheral/src/ch32v30x_usbotg_device.o
                0x000000000000c03c                MyManuInfoHD
 *fill*         0x000000000000c04a        0x2 
 .rodata.MyProdInfoHD
                0x000000000000c04c        0xc ./Peripheral/src/ch32v30x_usbotg_device.o
                0x000000000000c04c                MyProdInfoHD
 .rodata.MyReportDescHD
                0x000000000000c058       0x14 ./Peripheral/src/ch32v30x_usbotg_device.o
                0x000000000000c058                MyReportDescHD
 .rodata.MySerNumInfoHD
                0x000000000000c06c       0x16 ./Peripheral/src/ch32v30x_usbotg_device.o
                0x000000000000c06c                MySerNumInfoHD
 *fill*         0x000000000000c082        0x2 
 .rodata.MyUSBQUADescHD
                0x000000000000c084        0xa ./Peripheral/src/ch32v30x_usbotg_device.o
                0x000000000000c084                MyUSBQUADescHD
 .rodata.hardware_pwm_boot.cst4
                0x000000000000c08e        0x4 ./Hardware/timer.o
 *fill*         0x000000000000c08e        0x2 
 .rodata.__clz_tab
                0x000000000000c090      0x100 s:/app/mounriver/mounriver_studio/toolchain/risc-v embedded gcc/bin/../lib/gcc/riscv-none-embed/8.2.0/rv32imafc/ilp32f\libgcc.a(_clz.o)
                0x000000000000c090                __clz_tab
 *fill*         0x000000000000c190        0x0 
 .rodata._printf_float.cst8
                0x000000000000c190        0x8 s:/app/mounriver/mounriver_studio/toolchain/risc-v embedded gcc/bin/../lib/gcc/riscv-none-embed/8.2.0/../../../../riscv-none-embed/lib/rv32imafc/ilp32f\libg_nano.a(lib_a-nano-vfprintf_float.o)
 .rodata._printf_float.str1.4
                0x000000000000c198       0x12 s:/app/mounriver/mounriver_studio/toolchain/risc-v embedded gcc/bin/../lib/gcc/riscv-none-embed/8.2.0/../../../../riscv-none-embed/lib/rv32imafc/ilp32f\libg_nano.a(lib_a-nano-vfprintf_float.o)
 *fill*         0x000000000000c1aa        0x2 
 .rodata._printf_i.str1.4
                0x000000000000c1ac       0x25 s:/app/mounriver/mounriver_studio/toolchain/risc-v embedded gcc/bin/../lib/gcc/riscv-none-embed/8.2.0/../../../../riscv-none-embed/lib/rv32imafc/ilp32f\libg_nano.a(lib_a-nano-vfprintf_i.o)
 *fill*         0x000000000000c1d1        0x3 
 .rodata._strtod_l
                0x000000000000c1d4       0x14 s:/app/mounriver/mounriver_studio/toolchain/risc-v embedded gcc/bin/../lib/gcc/riscv-none-embed/8.2.0/../../../../riscv-none-embed/lib/rv32imafc/ilp32f\libg_nano.a(lib_a-strtod.o)
 .rodata._strtod_l.cst8
                0x000000000000c1e8       0x38 s:/app/mounriver/mounriver_studio/toolchain/risc-v embedded gcc/bin/../lib/gcc/riscv-none-embed/8.2.0/../../../../riscv-none-embed/lib/rv32imafc/ilp32f\libg_nano.a(lib_a-strtod.o)
 .rodata._strtod_l.str1.4
                0x000000000000c220        0xf s:/app/mounriver/mounriver_studio/toolchain/risc-v embedded gcc/bin/../lib/gcc/riscv-none-embed/8.2.0/../../../../riscv-none-embed/lib/rv32imafc/ilp32f\libg_nano.a(lib_a-strtod.o)
 *fill*         0x000000000000c22f        0x1 
 .rodata.fpi.3397
                0x000000000000c230       0x14 s:/app/mounriver/mounriver_studio/toolchain/risc-v embedded gcc/bin/../lib/gcc/riscv-none-embed/8.2.0/../../../../riscv-none-embed/lib/rv32imafc/ilp32f\libg_nano.a(lib_a-strtod.o)
 .rodata.fpinan.3433
                0x000000000000c244       0x14 s:/app/mounriver/mounriver_studio/toolchain/risc-v embedded gcc/bin/../lib/gcc/riscv-none-embed/8.2.0/../../../../riscv-none-embed/lib/rv32imafc/ilp32f\libg_nano.a(lib_a-strtod.o)
 .rodata.strtof_l.cst4
                0x000000000000c258        0x4 s:/app/mounriver/mounriver_studio/toolchain/risc-v embedded gcc/bin/../lib/gcc/riscv-none-embed/8.2.0/../../../../riscv-none-embed/lib/rv32imafc/ilp32f\libg_nano.a(lib_a-strtod.o)
 .rodata.strtof_l.cst8
                0x000000000000c25c        0x8 s:/app/mounriver/mounriver_studio/toolchain/risc-v embedded gcc/bin/../lib/gcc/riscv-none-embed/8.2.0/../../../../riscv-none-embed/lib/rv32imafc/ilp32f\libg_nano.a(lib_a-strtod.o)
 *fill*         0x000000000000c25c        0x4 
 .rodata.tinytens
                0x000000000000c260       0x28 s:/app/mounriver/mounriver_studio/toolchain/risc-v embedded gcc/bin/../lib/gcc/riscv-none-embed/8.2.0/../../../../riscv-none-embed/lib/rv32imafc/ilp32f\libg_nano.a(lib_a-strtod.o)
 .rodata._dtoa_r.cst8
                0x000000000000c288       0x38 s:/app/mounriver/mounriver_studio/toolchain/risc-v embedded gcc/bin/../lib/gcc/riscv-none-embed/8.2.0/../../../../riscv-none-embed/lib/rv32imafc/ilp32f\libg_nano.a(lib_a-dtoa.o)
                                         0x48 (size before relaxing)
 .rodata._dtoa_r.str1.4
                0x000000000000c2c0       0x10 s:/app/mounriver/mounriver_studio/toolchain/risc-v embedded gcc/bin/../lib/gcc/riscv-none-embed/8.2.0/../../../../riscv-none-embed/lib/rv32imafc/ilp32f\libg_nano.a(lib_a-dtoa.o)
                                         0x12 (size before relaxing)
 .rodata._setlocale_r.str1.4
                0x000000000000c2d0        0xa s:/app/mounriver/mounriver_studio/toolchain/risc-v embedded gcc/bin/../lib/gcc/riscv-none-embed/8.2.0/../../../../riscv-none-embed/lib/rv32imafc/ilp32f\libg_nano.a(lib_a-locale.o)
                                          0xd (size before relaxing)
 *fill*         0x000000000000c2da        0x2 
 .rodata.str1.4
                0x000000000000c2dc        0x2 s:/app/mounriver/mounriver_studio/toolchain/risc-v embedded gcc/bin/../lib/gcc/riscv-none-embed/8.2.0/../../../../riscv-none-embed/lib/rv32imafc/ilp32f\libg_nano.a(lib_a-locale.o)
 *fill*         0x000000000000c2de        0x2 
 .rodata.__mprec_bigtens
                0x000000000000c2e0       0x28 s:/app/mounriver/mounriver_studio/toolchain/risc-v embedded gcc/bin/../lib/gcc/riscv-none-embed/8.2.0/../../../../riscv-none-embed/lib/rv32imafc/ilp32f\libg_nano.a(lib_a-mprec.o)
                0x000000000000c2e0                __mprec_bigtens
 .rodata.__mprec_tens
                0x000000000000c308       0xc8 s:/app/mounriver/mounriver_studio/toolchain/risc-v embedded gcc/bin/../lib/gcc/riscv-none-embed/8.2.0/../../../../riscv-none-embed/lib/rv32imafc/ilp32f\libg_nano.a(lib_a-mprec.o)
                0x000000000000c308                __mprec_tens
 .rodata.p05.3321
                0x000000000000c3d0        0xc s:/app/mounriver/mounriver_studio/toolchain/risc-v embedded gcc/bin/../lib/gcc/riscv-none-embed/8.2.0/../../../../riscv-none-embed/lib/rv32imafc/ilp32f\libg_nano.a(lib_a-mprec.o)
 .rodata._svfprintf_r.str1.4
                0x000000000000c3dc       0x14 s:/app/mounriver/mounriver_studio/toolchain/risc-v embedded gcc/bin/../lib/gcc/riscv-none-embed/8.2.0/../../../../riscv-none-embed/lib/rv32imafc/ilp32f\libg_nano.a(lib_a-nano-svfprintf.o)
                                         0x13 (size before relaxing)
 .rodata.nanf.cst4
                0x000000000000c3f0        0x4 s:/app/mounriver/mounriver_studio/toolchain/risc-v embedded gcc/bin/../lib/gcc/riscv-none-embed/8.2.0/../../../../riscv-none-embed/lib/rv32imafc/ilp32f\libg_nano.a(lib_a-sf_nan.o)
 .rodata._ctype_
                0x000000000000c3f4      0x101 s:/app/mounriver/mounriver_studio/toolchain/risc-v embedded gcc/bin/../lib/gcc/riscv-none-embed/8.2.0/../../../../riscv-none-embed/lib/rv32imafc/ilp32f\libg_nano.a(lib_a-ctype_.o)
                0x000000000000c3f4                _ctype_
 *fill*         0x000000000000c4f5        0x3 
 .rodata.__divdf3
                0x000000000000c4f8       0x40 s:/app/mounriver/mounriver_studio/toolchain/risc-v embedded gcc/bin/../lib/gcc/riscv-none-embed/8.2.0/rv32imafc/ilp32f\libgcc.a(divdf3.o)
 .rodata.__muldf3
                0x000000000000c538       0x40 s:/app/mounriver/mounriver_studio/toolchain/risc-v embedded gcc/bin/../lib/gcc/riscv-none-embed/8.2.0/rv32imafc/ilp32f\libgcc.a(muldf3.o)
 *(.gnu.linkonce.t.*)
                0x000000000000c578                . = ALIGN (0x4)

.rela.dyn       0x000000000000c578        0x0
 .rela.init     0x000000000000c578        0x0 ./User/ch32v30x_it.o
 .rela.vector   0x000000000000c578        0x0 ./User/ch32v30x_it.o
 .rela.text.handle_reset
                0x000000000000c578        0x0 ./User/ch32v30x_it.o
 .rela.data.impure_data
                0x000000000000c578        0x0 ./User/ch32v30x_it.o
 .rela.text._svfprintf_r
                0x000000000000c578        0x0 ./User/ch32v30x_it.o
 .rela.text._sbrk_r
                0x000000000000c578        0x0 ./User/ch32v30x_it.o
 .rela.text._sbrk
                0x000000000000c578        0x0 ./User/ch32v30x_it.o

.fini           0x000000000000c578        0x0
 *(SORT_NONE(.fini))
                0x000000000000c578                . = ALIGN (0x4)
                [!provide]                        PROVIDE (_etext = .)
                [!provide]                        PROVIDE (_eitcm = .)

.preinit_array  0x000000000000c578        0x0
                [!provide]                        PROVIDE (__preinit_array_start = .)
 *(.preinit_array)
                [!provide]                        PROVIDE (__preinit_array_end = .)

.init_array     0x000000000000c578        0x0
                [!provide]                        PROVIDE (__init_array_start = .)
 *(SORT_BY_INIT_PRIORITY(.init_array.*) SORT_BY_INIT_PRIORITY(.ctors.*))
 *(.init_array EXCLUDE_FILE(*crtend?.o *crtend.o *crtbegin?.o *crtbegin.o) .ctors)
                [!provide]                        PROVIDE (__init_array_end = .)

.fini_array     0x000000000000c578        0x0
                [!provide]                        PROVIDE (__fini_array_start = .)
 *(SORT_BY_INIT_PRIORITY(.fini_array.*) SORT_BY_INIT_PRIORITY(.dtors.*))
 *(.fini_array EXCLUDE_FILE(*crtend?.o *crtend.o *crtbegin?.o *crtbegin.o) .dtors)
                [!provide]                        PROVIDE (__fini_array_end = .)

.ctors
 *crtbegin.o(.ctors)
 *crtbegin?.o(.ctors)
 *(EXCLUDE_FILE(*crtend?.o *crtend.o) .ctors)
 *(SORT_BY_NAME(.ctors.*))
 *(.ctors)

.dtors
 *crtbegin.o(.dtors)
 *crtbegin?.o(.dtors)
 *(EXCLUDE_FILE(*crtend?.o *crtend.o) .dtors)
 *(SORT_BY_NAME(.dtors.*))
 *(.dtors)

.dalign         0x0000000020000000        0x0 load address 0x000000000000c578
                0x0000000020000000                . = ALIGN (0x4)
                0x0000000020000000                PROVIDE (_data_vma = .)

.dlalign        0x000000000000c578        0x0
                0x000000000000c578                . = ALIGN (0x4)
                0x000000000000c578                PROVIDE (_data_lma = .)

.data           0x0000000020000000      0x238 load address 0x000000000000c578
 *(.gnu.linkonce.r.*)
 *(.data .data.*)
 .data.APBAHBPrescTable
                0x0000000020000000       0x10 ./Peripheral/src/ch32v30x_rcc.o
 .data.TAB_USB_FS_OSC_DESC
                0x0000000020000010       0x43 ./Peripheral/src/ch32v30x_usbotg_device.o
                0x0000000020000010                TAB_USB_FS_OSC_DESC
 *fill*         0x0000000020000053        0x1 
 .data.impure_data
                0x0000000020000054       0x60 s:/app/mounriver/mounriver_studio/toolchain/risc-v embedded gcc/bin/../lib/gcc/riscv-none-embed/8.2.0/../../../../riscv-none-embed/lib/rv32imafc/ilp32f\libg_nano.a(lib_a-impure.o)
 .data.__global_locale
                0x00000000200000b4      0x16c s:/app/mounriver/mounriver_studio/toolchain/risc-v embedded gcc/bin/../lib/gcc/riscv-none-embed/8.2.0/../../../../riscv-none-embed/lib/rv32imafc/ilp32f\libg_nano.a(lib_a-locale.o)
                0x00000000200000b4                __global_locale
 *(.gnu.linkonce.d.*)
                0x0000000020000220                . = ALIGN (0x8)
                0x0000000020000a20                PROVIDE (__global_pointer$ = (. + 0x800))
 *(.sdata .sdata.*)
 .sdata.SystemCoreClock
                0x0000000020000220        0x4 ./User/system_ch32v30x.o
                0x0000000020000220                SystemCoreClock
 .sdata.ADCPrescTable
                0x0000000020000224        0x4 ./Peripheral/src/ch32v30x_rcc.o
 .sdata.LineCoding
                0x0000000020000228        0x7 ./Peripheral/src/ch32v30x_usbotg_device.o
                0x0000000020000228                LineCoding
 .sdata.USBHD_Dev_Speed
                0x000000002000022f        0x1 ./Peripheral/src/ch32v30x_usbotg_device.o
                0x000000002000022f                USBHD_Dev_Speed
 .sdata._impure_ptr
                0x0000000020000230        0x4 s:/app/mounriver/mounriver_studio/toolchain/risc-v embedded gcc/bin/../lib/gcc/riscv-none-embed/8.2.0/../../../../riscv-none-embed/lib/rv32imafc/ilp32f\libg_nano.a(lib_a-impure.o)
                0x0000000020000230                _impure_ptr
 *(.sdata2.*)
 .sdata2.MyLangDescrHD
                0x0000000020000234        0x4 ./Peripheral/src/ch32v30x_usbotg_device.o
                0x0000000020000234                MyLangDescrHD
 *(.gnu.linkonce.s.*)
                0x0000000020000238                . = ALIGN (0x8)
 *(.srodata.cst16)
 *(.srodata.cst8)
 *(.srodata.cst4)
 *(.srodata.cst2)
 *(.srodata .srodata.*)
                0x0000000020000238                . = ALIGN (0x4)
                0x0000000020000238                PROVIDE (_edata = .)

.bss            0x0000000020000238      0x32c load address 0x000000000000c7b0
                0x0000000020000238                . = ALIGN (0x4)
                0x0000000020000238                PROVIDE (_sbss = .)
 *(.sbss*)
 .sbss.debug_id_set
                0x0000000020000238        0x4 ./QueFOC_dev/comm.o
                0x0000000020000238                debug_id_set
 .sbss.cur_phase.2438
                0x000000002000023c        0x4 ./QueFOC_dev/motor.o
 .sbss.step_loop_cnt.2431
                0x0000000020000240        0x4 ./QueFOC_dev/motor.o
 .sbss.NVIC_Priority_Group
                0x0000000020000244        0x4 ./Peripheral/src/ch32v30x_misc.o
                0x0000000020000244                NVIC_Priority_Group
 .sbss.DevConfig
                0x0000000020000248        0x1 ./Peripheral/src/ch32v30x_usbotg_device.o
                0x0000000020000248                DevConfig
 *fill*         0x0000000020000249        0x3 
 .sbss.EP0_DatabufHD
                0x000000002000024c        0x8 ./Peripheral/src/ch32v30x_usbotg_device.o
                0x000000002000024c                EP0_DatabufHD
 .sbss.SetupReqCode
                0x0000000020000254        0x1 ./Peripheral/src/ch32v30x_usbotg_device.o
                0x0000000020000254                SetupReqCode
 *fill*         0x0000000020000255        0x1 
 .sbss.SetupReqLen
                0x0000000020000256        0x2 ./Peripheral/src/ch32v30x_usbotg_device.o
                0x0000000020000256                SetupReqLen
 .sbss.USBHD_Dev_SetupReqLen
                0x0000000020000258        0x2 ./Peripheral/src/ch32v30x_usbotg_device.o
                0x0000000020000258                USBHD_Dev_SetupReqLen
 .sbss.USBHD_Dev_SleepStatus
                0x000000002000025a        0x1 ./Peripheral/src/ch32v30x_usbotg_device.o
                0x000000002000025a                USBHD_Dev_SleepStatus
 *fill*         0x000000002000025b        0x1 
 .sbss.pDescr   0x000000002000025c        0x4 ./Peripheral/src/ch32v30x_usbotg_device.o
                0x000000002000025c                pDescr
 .sbss.pEP0_RAM_Addr
                0x0000000020000260        0x4 ./Peripheral/src/ch32v30x_usbotg_device.o
                0x0000000020000260                pEP0_RAM_Addr
 .sbss.pEP1_RAM_Addr
                0x0000000020000264        0x4 ./Peripheral/src/ch32v30x_usbotg_device.o
                0x0000000020000264                pEP1_RAM_Addr
 .sbss.pEP2_RAM_Addr
                0x0000000020000268        0x4 ./Peripheral/src/ch32v30x_usbotg_device.o
                0x0000000020000268                pEP2_RAM_Addr
 .sbss.ADC1_calibrattion
                0x000000002000026c        0x2 ./Hardware/adc.o
 .sbss.ADC2_calibrattion
                0x000000002000026e        0x2 ./Hardware/adc.o
 .sbss.vbus_DMA
                0x0000000020000270        0x2 ./Hardware/adc.o
                0x0000000020000270                vbus_DMA
 .sbss.vgnd_DMA
                0x0000000020000272        0x2 ./Hardware/adc.o
                0x0000000020000272                vgnd_DMA
 .sbss.p_ms     0x0000000020000274        0x2 ./Hardware/delay.o
 .sbss.p_us     0x0000000020000276        0x1 ./Hardware/delay.o
 *fill*         0x0000000020000277        0x1 
 .sbss.vbus_gnd_raw_DMA
                0x0000000020000278        0x4 ./Hardware/dma.o
                0x0000000020000278                vbus_gnd_raw_DMA
 .sbss.__malloc_free_list
                0x000000002000027c        0x4 s:/app/mounriver/mounriver_studio/toolchain/risc-v embedded gcc/bin/../lib/gcc/riscv-none-embed/8.2.0/../../../../riscv-none-embed/lib/rv32imafc/ilp32f\libg_nano.a(lib_a-nano-mallocr.o)
                0x000000002000027c                __malloc_free_list
 .sbss.__malloc_sbrk_start
                0x0000000020000280        0x4 s:/app/mounriver/mounriver_studio/toolchain/risc-v embedded gcc/bin/../lib/gcc/riscv-none-embed/8.2.0/../../../../riscv-none-embed/lib/rv32imafc/ilp32f\libg_nano.a(lib_a-nano-mallocr.o)
                0x0000000020000280                __malloc_sbrk_start
 .sbss.heap_end.1520
                0x0000000020000284        0x4 s:/app/mounriver/mounriver_studio/toolchain/risc-v embedded gcc/bin/../lib/gcc/riscv-none-embed/8.2.0/../../../../riscv-none-embed/lib/rv32imafc/ilp32f\libnosys.a(sbrk.o)
 *(.gnu.linkonce.sb.*)
 *(.bss*)
 .bss.adcQ      0x0000000020000288       0x5c ./User/main.o
                0x0000000020000288                adcQ
 .bss.cmder     0x00000000200002e4       0xe8 ./User/main.o
                0x00000000200002e4                cmder
 .bss.encoderQ  0x00000000200003cc       0x50 ./User/main.o
                0x00000000200003cc                encoderQ
 .bss.monitor   0x000000002000041c       0x88 ./User/main.o
                0x000000002000041c                monitor
 .bss.motorQ    0x00000000200004a4       0x78 ./User/main.o
                0x00000000200004a4                motorQ
 .bss.pwmQ      0x000000002000051c       0x20 ./User/main.o
                0x000000002000051c                pwmQ
 .bss.currents.2434
                0x000000002000053c        0xc ./QueFOC_dev/motor.o
 .bss.currents_f.2433
                0x0000000020000548        0xc ./QueFOC_dev/motor.o
 .bss.voltages.2432
                0x0000000020000554        0xc ./QueFOC_dev/motor.o
 *(.gnu.linkonce.b.*)
 *(COMMON*)
 COMMON         0x0000000020000560        0x4 s:/app/mounriver/mounriver_studio/toolchain/risc-v embedded gcc/bin/../lib/gcc/riscv-none-embed/8.2.0/../../../../riscv-none-embed/lib/rv32imafc/ilp32f\libg_nano.a(lib_a-reent.o)
                0x0000000020000560                errno
                0x0000000020000564                . = ALIGN (0x4)
                0x0000000020000564                PROVIDE (_ebss = .)
                [!provide]                        PROVIDE (_end = _ebss)
                0x0000000020000564                PROVIDE (end = .)

.stack          0x0000000020007800      0x800
                [!provide]                        PROVIDE (_heap_end = .)
                0x0000000020007800                . = ALIGN (0x4)
                [!provide]                        PROVIDE (_susrstack = .)
                0x0000000020008000                . = (. + __stack_size)
 *fill*         0x0000000020007800      0x800 
                0x0000000020008000                PROVIDE (_eusrstack = .)
OUTPUT(QueFOC.elf elf32-littleriscv)

.debug_info     0x0000000000000000    0x12346
 .debug_info    0x0000000000000000       0x4a ./User/ch32v30x_it.o
 .debug_info    0x000000000000004a      0xe69 ./User/main.o
 .debug_info    0x0000000000000eb3      0x2db ./User/system_ch32v30x.o
 .debug_info    0x000000000000118e       0x22 ./Startup/startup_ch32v30x_D8.o
 .debug_info    0x00000000000011b0      0xc30 ./QueFOC_dev/adc_sensor.o
 .debug_info    0x0000000000001de0     0x1b76 ./QueFOC_dev/comm.o
 .debug_info    0x0000000000003956      0x3e7 ./QueFOC_dev/encoder.o
 .debug_info    0x0000000000003d3d      0x1bc ./QueFOC_dev/fast_math.o
 .debug_info    0x0000000000003ef9      0xfce ./QueFOC_dev/foc.o
 .debug_info    0x0000000000004ec7     0x1809 ./QueFOC_dev/motor.o
 .debug_info    0x00000000000066d0      0xb47 ./QueFOC_dev/pwm.o
 .debug_info    0x0000000000007217      0xe3b ./Peripheral/src/ch32v30x_adc.o
 .debug_info    0x0000000000008052      0x465 ./Peripheral/src/ch32v30x_dma.o
 .debug_info    0x00000000000084b7      0x7e5 ./Peripheral/src/ch32v30x_gpio.o
 .debug_info    0x0000000000008c9c      0x6c4 ./Peripheral/src/ch32v30x_misc.o
 .debug_info    0x0000000000009360      0xcc0 ./Peripheral/src/ch32v30x_rcc.o
 .debug_info    0x000000000000a020      0xa1f ./Peripheral/src/ch32v30x_spi.o
 .debug_info    0x000000000000aa3f     0x2168 ./Peripheral/src/ch32v30x_tim.o
 .debug_info    0x000000000000cba7      0xb72 ./Peripheral/src/ch32v30x_usart.o
 .debug_info    0x000000000000d719     0x156f ./Peripheral/src/ch32v30x_usbotg_device.o
 .debug_info    0x000000000000ec88      0x9d6 ./Hardware/adc.o
 .debug_info    0x000000000000f65e      0x1db ./Hardware/delay.o
 .debug_info    0x000000000000f839      0x3be ./Hardware/dma.o
 .debug_info    0x000000000000fbf7      0x429 ./Hardware/gpio.o
 .debug_info    0x0000000000010020      0xba1 ./Hardware/it.o
 .debug_info    0x0000000000010bc1      0x3ef ./Hardware/nvic.o
 .debug_info    0x0000000000010fb0      0x61a ./Hardware/spi.o
 .debug_info    0x00000000000115ca      0xa01 ./Hardware/timer.o
 .debug_info    0x0000000000011fcb      0x37b ./Hardware/usart.o

.debug_abbrev   0x0000000000000000     0x3885
 .debug_abbrev  0x0000000000000000       0x2e ./User/ch32v30x_it.o
 .debug_abbrev  0x000000000000002e      0x254 ./User/main.o
 .debug_abbrev  0x0000000000000282      0x19f ./User/system_ch32v30x.o
 .debug_abbrev  0x0000000000000421       0x12 ./Startup/startup_ch32v30x_D8.o
 .debug_abbrev  0x0000000000000433      0x22d ./QueFOC_dev/adc_sensor.o
 .debug_abbrev  0x0000000000000660      0x4b9 ./QueFOC_dev/comm.o
 .debug_abbrev  0x0000000000000b19      0x1b8 ./QueFOC_dev/encoder.o
 .debug_abbrev  0x0000000000000cd1       0xeb ./QueFOC_dev/fast_math.o
 .debug_abbrev  0x0000000000000dbc      0x2e7 ./QueFOC_dev/foc.o
 .debug_abbrev  0x00000000000010a3      0x35b ./QueFOC_dev/motor.o
 .debug_abbrev  0x00000000000013fe      0x272 ./QueFOC_dev/pwm.o
 .debug_abbrev  0x0000000000001670      0x27b ./Peripheral/src/ch32v30x_adc.o
 .debug_abbrev  0x00000000000018eb      0x1ec ./Peripheral/src/ch32v30x_dma.o
 .debug_abbrev  0x0000000000001ad7      0x20a ./Peripheral/src/ch32v30x_gpio.o
 .debug_abbrev  0x0000000000001ce1      0x1f6 ./Peripheral/src/ch32v30x_misc.o
 .debug_abbrev  0x0000000000001ed7      0x259 ./Peripheral/src/ch32v30x_rcc.o
 .debug_abbrev  0x0000000000002130      0x201 ./Peripheral/src/ch32v30x_spi.o
 .debug_abbrev  0x0000000000002331      0x2f7 ./Peripheral/src/ch32v30x_tim.o
 .debug_abbrev  0x0000000000002628      0x201 ./Peripheral/src/ch32v30x_usart.o
 .debug_abbrev  0x0000000000002829      0x2da ./Peripheral/src/ch32v30x_usbotg_device.o
 .debug_abbrev  0x0000000000002b03      0x221 ./Hardware/adc.o
 .debug_abbrev  0x0000000000002d24       0xfc ./Hardware/delay.o
 .debug_abbrev  0x0000000000002e20      0x168 ./Hardware/dma.o
 .debug_abbrev  0x0000000000002f88      0x146 ./Hardware/gpio.o
 .debug_abbrev  0x00000000000030ce      0x1e3 ./Hardware/it.o
 .debug_abbrev  0x00000000000032b1      0x101 ./Hardware/nvic.o
 .debug_abbrev  0x00000000000033b2      0x1c1 ./Hardware/spi.o
 .debug_abbrev  0x0000000000003573      0x182 ./Hardware/timer.o
 .debug_abbrev  0x00000000000036f5      0x190 ./Hardware/usart.o

.debug_aranges  0x0000000000000000      0xdb8
 .debug_aranges
                0x0000000000000000       0x28 ./User/ch32v30x_it.o
 .debug_aranges
                0x0000000000000028       0x30 ./User/main.o
 .debug_aranges
                0x0000000000000058       0x28 ./User/system_ch32v30x.o
 .debug_aranges
                0x0000000000000080       0x30 ./Startup/startup_ch32v30x_D8.o
 .debug_aranges
                0x00000000000000b0       0x30 ./QueFOC_dev/adc_sensor.o
 .debug_aranges
                0x00000000000000e0       0x78 ./QueFOC_dev/comm.o
 .debug_aranges
                0x0000000000000158       0x30 ./QueFOC_dev/encoder.o
 .debug_aranges
                0x0000000000000188       0x40 ./QueFOC_dev/fast_math.o
 .debug_aranges
                0x00000000000001c8       0x68 ./QueFOC_dev/foc.o
 .debug_aranges
                0x0000000000000230       0x68 ./QueFOC_dev/motor.o
 .debug_aranges
                0x0000000000000298       0x38 ./QueFOC_dev/pwm.o
 .debug_aranges
                0x00000000000002d0      0x150 ./Peripheral/src/ch32v30x_adc.o
 .debug_aranges
                0x0000000000000420       0x60 ./Peripheral/src/ch32v30x_dma.o
 .debug_aranges
                0x0000000000000480       0xa8 ./Peripheral/src/ch32v30x_gpio.o
 .debug_aranges
                0x0000000000000528       0x28 ./Peripheral/src/ch32v30x_misc.o
 .debug_aranges
                0x0000000000000550      0x1a8 ./Peripheral/src/ch32v30x_rcc.o
 .debug_aranges
                0x00000000000006f8       0xd0 ./Peripheral/src/ch32v30x_spi.o
 .debug_aranges
                0x00000000000007c8      0x2d0 ./Peripheral/src/ch32v30x_tim.o
 .debug_aranges
                0x0000000000000a98      0x100 ./Peripheral/src/ch32v30x_usart.o
 .debug_aranges
                0x0000000000000b98       0x50 ./Peripheral/src/ch32v30x_usbotg_device.o
 .debug_aranges
                0x0000000000000be8       0x50 ./Hardware/adc.o
 .debug_aranges
                0x0000000000000c38       0x30 ./Hardware/delay.o
 .debug_aranges
                0x0000000000000c68       0x20 ./Hardware/dma.o
 .debug_aranges
                0x0000000000000c88       0x28 ./Hardware/gpio.o
 .debug_aranges
                0x0000000000000cb0       0x30 ./Hardware/it.o
 .debug_aranges
                0x0000000000000ce0       0x20 ./Hardware/nvic.o
 .debug_aranges
                0x0000000000000d00       0x48 ./Hardware/spi.o
 .debug_aranges
                0x0000000000000d48       0x48 ./Hardware/timer.o
 .debug_aranges
                0x0000000000000d90       0x28 ./Hardware/usart.o

.debug_ranges   0x0000000000000000      0xeb8
 .debug_ranges  0x0000000000000000       0x18 ./User/ch32v30x_it.o
 .debug_ranges  0x0000000000000018       0x40 ./User/main.o
 .debug_ranges  0x0000000000000058       0x38 ./User/system_ch32v30x.o
 .debug_ranges  0x0000000000000090       0x28 ./Startup/startup_ch32v30x_D8.o
 .debug_ranges  0x00000000000000b8       0x20 ./QueFOC_dev/adc_sensor.o
 .debug_ranges  0x00000000000000d8      0x1a8 ./QueFOC_dev/comm.o
 .debug_ranges  0x0000000000000280       0x20 ./QueFOC_dev/encoder.o
 .debug_ranges  0x00000000000002a0       0x30 ./QueFOC_dev/fast_math.o
 .debug_ranges  0x00000000000002d0       0xc0 ./QueFOC_dev/foc.o
 .debug_ranges  0x0000000000000390       0xa0 ./QueFOC_dev/motor.o
 .debug_ranges  0x0000000000000430       0x28 ./QueFOC_dev/pwm.o
 .debug_ranges  0x0000000000000458      0x140 ./Peripheral/src/ch32v30x_adc.o
 .debug_ranges  0x0000000000000598       0x50 ./Peripheral/src/ch32v30x_dma.o
 .debug_ranges  0x00000000000005e8       0x98 ./Peripheral/src/ch32v30x_gpio.o
 .debug_ranges  0x0000000000000680       0x48 ./Peripheral/src/ch32v30x_misc.o
 .debug_ranges  0x00000000000006c8      0x198 ./Peripheral/src/ch32v30x_rcc.o
 .debug_ranges  0x0000000000000860       0xc0 ./Peripheral/src/ch32v30x_spi.o
 .debug_ranges  0x0000000000000920      0x2f0 ./Peripheral/src/ch32v30x_tim.o
 .debug_ranges  0x0000000000000c10       0xf0 ./Peripheral/src/ch32v30x_usart.o
 .debug_ranges  0x0000000000000d00       0x40 ./Peripheral/src/ch32v30x_usbotg_device.o
 .debug_ranges  0x0000000000000d40       0x78 ./Hardware/adc.o
 .debug_ranges  0x0000000000000db8       0x20 ./Hardware/delay.o
 .debug_ranges  0x0000000000000dd8       0x10 ./Hardware/dma.o
 .debug_ranges  0x0000000000000de8       0x18 ./Hardware/gpio.o
 .debug_ranges  0x0000000000000e00       0x20 ./Hardware/it.o
 .debug_ranges  0x0000000000000e20       0x10 ./Hardware/nvic.o
 .debug_ranges  0x0000000000000e30       0x38 ./Hardware/spi.o
 .debug_ranges  0x0000000000000e68       0x38 ./Hardware/timer.o
 .debug_ranges  0x0000000000000ea0       0x18 ./Hardware/usart.o

.debug_line     0x0000000000000000    0x1259d
 .debug_line    0x0000000000000000       0x76 ./User/ch32v30x_it.o
 .debug_line    0x0000000000000076      0x4ca ./User/main.o
 .debug_line    0x0000000000000540      0x6c9 ./User/system_ch32v30x.o
 .debug_line    0x0000000000000c09      0x346 ./Startup/startup_ch32v30x_D8.o
 .debug_line    0x0000000000000f4f      0x5a1 ./QueFOC_dev/adc_sensor.o
 .debug_line    0x00000000000014f0      0xded ./QueFOC_dev/comm.o
 .debug_line    0x00000000000022dd      0x63e ./QueFOC_dev/encoder.o
 .debug_line    0x000000000000291b      0x291 ./QueFOC_dev/fast_math.o
 .debug_line    0x0000000000002bac      0xdff ./QueFOC_dev/foc.o
 .debug_line    0x00000000000039ab      0xf92 ./QueFOC_dev/motor.o
 .debug_line    0x000000000000493d      0x37b ./QueFOC_dev/pwm.o
 .debug_line    0x0000000000004cb8     0x1804 ./Peripheral/src/ch32v30x_adc.o
 .debug_line    0x00000000000064bc      0x968 ./Peripheral/src/ch32v30x_dma.o
 .debug_line    0x0000000000006e24      0xcdb ./Peripheral/src/ch32v30x_gpio.o
 .debug_line    0x0000000000007aff      0x468 ./Peripheral/src/ch32v30x_misc.o
 .debug_line    0x0000000000007f67     0x1920 ./Peripheral/src/ch32v30x_rcc.o
 .debug_line    0x0000000000009887      0xcc7 ./Peripheral/src/ch32v30x_spi.o
 .debug_line    0x000000000000a54e     0x328d ./Peripheral/src/ch32v30x_tim.o
 .debug_line    0x000000000000d7db      0xffa ./Peripheral/src/ch32v30x_usart.o
 .debug_line    0x000000000000e7d5     0x13aa ./Peripheral/src/ch32v30x_usbotg_device.o
 .debug_line    0x000000000000fb7f      0x74a ./Hardware/adc.o
 .debug_line    0x00000000000102c9      0x389 ./Hardware/delay.o
 .debug_line    0x0000000000010652      0x340 ./Hardware/dma.o
 .debug_line    0x0000000000010992      0x5c4 ./Hardware/gpio.o
 .debug_line    0x0000000000010f56      0x3d4 ./Hardware/it.o
 .debug_line    0x000000000001132a      0x32c ./Hardware/nvic.o
 .debug_line    0x0000000000011656      0x4fb ./Hardware/spi.o
 .debug_line    0x0000000000011b51      0x6e2 ./Hardware/timer.o
 .debug_line    0x0000000000012233      0x36a ./Hardware/usart.o

.debug_str      0x0000000000000000     0x4d41
 .debug_str     0x0000000000000000      0x138 ./User/ch32v30x_it.o
 .debug_str     0x0000000000000138      0xaa7 ./User/main.o
                                        0xc42 (size before relaxing)
 .debug_str     0x0000000000000bdf      0x10c ./User/system_ch32v30x.o
                                        0x2f7 (size before relaxing)
 .debug_str     0x0000000000000ceb       0x5a ./Startup/startup_ch32v30x_D8.o
                                         0x8e (size before relaxing)
 .debug_str     0x0000000000000d45      0x448 ./QueFOC_dev/adc_sensor.o
                                        0x7bc (size before relaxing)
 .debug_str     0x000000000000118d      0x1d3 ./QueFOC_dev/comm.o
                                        0xf77 (size before relaxing)
 .debug_str     0x0000000000001360       0xb2 ./QueFOC_dev/encoder.o
                                        0x378 (size before relaxing)
 .debug_str     0x0000000000001412       0x74 ./QueFOC_dev/fast_math.o
                                        0x19f (size before relaxing)
 .debug_str     0x0000000000001486      0x17a ./QueFOC_dev/foc.o
                                        0xadf (size before relaxing)
 .debug_str     0x0000000000001600      0x180 ./QueFOC_dev/motor.o
                                        0xf7d (size before relaxing)
 .debug_str     0x0000000000001780       0x31 ./QueFOC_dev/pwm.o
                                        0x659 (size before relaxing)
 .debug_str     0x00000000000017b1      0x62b ./Peripheral/src/ch32v30x_adc.o
                                        0x86e (size before relaxing)
 .debug_str     0x0000000000001ddc      0x232 ./Peripheral/src/ch32v30x_dma.o
                                        0x44a (size before relaxing)
 .debug_str     0x000000000000200e      0x24c ./Peripheral/src/ch32v30x_gpio.o